Component: ARM Compiler 5.06 update 7 (build 960) Tool: armlink [4d3601]

==============================================================================

Section Cross References

    startup_stm32f103xe.o(STACK) refers (Special) to heapauxi.o(.text) for __use_two_region_memory
    startup_stm32f103xe.o(HEAP) refers (Special) to heapauxi.o(.text) for __use_two_region_memory
    startup_stm32f103xe.o(RESET) refers (Special) to heapauxi.o(.text) for __use_two_region_memory
    startup_stm32f103xe.o(RESET) refers to startup_stm32f103xe.o(STACK) for __initial_sp
    startup_stm32f103xe.o(RESET) refers to startup_stm32f103xe.o(.text) for Reset_Handler
    startup_stm32f103xe.o(RESET) refers to stm32f1xx_it.o(i.NMI_Handler) for NMI_Handler
    startup_stm32f103xe.o(RESET) refers to stm32f1xx_it.o(i.HardFault_Handler) for HardFault_Handler
    startup_stm32f103xe.o(RESET) refers to stm32f1xx_it.o(i.MemManage_Handler) for MemManage_Handler
    startup_stm32f103xe.o(RESET) refers to stm32f1xx_it.o(i.BusFault_Handler) for BusFault_Handler
    startup_stm32f103xe.o(RESET) refers to stm32f1xx_it.o(i.UsageFault_Handler) for UsageFault_Handler
    startup_stm32f103xe.o(RESET) refers to stm32f1xx_it.o(i.SVC_Handler) for SVC_Handler
    startup_stm32f103xe.o(RESET) refers to stm32f1xx_it.o(i.DebugMon_Handler) for DebugMon_Handler
    startup_stm32f103xe.o(RESET) refers to usart.o(i.USART1_IRQHandler) for USART1_IRQHandler
    startup_stm32f103xe.o(RESET) refers to atk_mw8266d_uart.o(i.USART3_IRQHandler) for USART3_IRQHandler
    startup_stm32f103xe.o(.text) refers (Special) to heapauxi.o(.text) for __use_two_region_memory
    startup_stm32f103xe.o(.text) refers to system_stm32f1xx.o(i.SystemInit) for SystemInit
    startup_stm32f103xe.o(.text) refers to __main.o(!!!main) for __main
    startup_stm32f103xe.o(.text) refers to startup_stm32f103xe.o(HEAP) for Heap_Mem
    startup_stm32f103xe.o(.text) refers to startup_stm32f103xe.o(STACK) for Stack_Mem
    main.o(i.main) refers to _printf_percent.o(.ARM.Collect$$_printf_percent$$00000000) for _printf_percent
    main.o(i.main) refers to _printf_s.o(.ARM.Collect$$_printf_percent$$00000014) for _printf_s
    main.o(i.main) refers to _printf_str.o(.text) for _printf_str
    main.o(i.main) refers to stm32f1xx_hal.o(i.HAL_Init) for HAL_Init
    main.o(i.main) refers to sys.o(i.sys_stm32_clock_init) for sys_stm32_clock_init
    main.o(i.main) refers to delay.o(i.delay_init) for delay_init
    main.o(i.main) refers to usart.o(i.usart_init) for usart_init
    main.o(i.main) refers to led.o(i.led_init) for led_init
    main.o(i.main) refers to key.o(i.key_init) for key_init
    main.o(i.main) refers to lcd.o(i.lcd_init) for lcd_init
    main.o(i.main) refers to main.o(i.show_mesg) for show_mesg
    main.o(i.main) refers to temp.o(i.temp_init) for temp_init
    main.o(i.main) refers to esp8266.o(i.ESP8266_init) for ESP8266_init
    main.o(i.main) refers to http.o(i.request_body) for request_body
    main.o(i.main) refers to __2printf.o(.text) for __2printf
    main.o(i.main) refers to esp8266.o(i.http_post) for http_post
    main.o(i.main) refers to dht11.o(i.dht11_read_data) for dht11_read_data
    main.o(i.main) refers to lcd.o(i.lcd_show_string) for lcd_show_string
    main.o(i.main) refers to lcd.o(i.lcd_show_num) for lcd_show_num
    main.o(i.main) refers to delay.o(i.delay_ms) for delay_ms
    main.o(i.main) refers to stm32f1xx_hal_gpio.o(i.HAL_GPIO_TogglePin) for HAL_GPIO_TogglePin
    main.o(i.show_mesg) refers to lcd.o(i.lcd_show_string) for lcd_show_string
    system_stm32f1xx.o(i.SystemCoreClockUpdate) refers to system_stm32f1xx.o(.data) for SystemCoreClock
    system_stm32f1xx.o(i.SystemCoreClockUpdate) refers to system_stm32f1xx.o(.constdata) for AHBPrescTable
    esp8266.o(i.ESP8266_init) refers to atk_mw8266d.o(i.atk_mw8266d_init) for atk_mw8266d_init
    esp8266.o(i.ESP8266_init) refers to __2printf.o(.text) for __2printf
    esp8266.o(i.ESP8266_init) refers to stm32f1xx_hal_gpio.o(i.HAL_GPIO_TogglePin) for HAL_GPIO_TogglePin
    esp8266.o(i.ESP8266_init) refers to delay.o(i.delay_ms) for delay_ms
    esp8266.o(i.ESP8266_init) refers to lcd.o(i.lcd_show_string) for lcd_show_string
    esp8266.o(i.ESP8266_init) refers to atk_mw8266d.o(i.atk_mw8266d_restore) for atk_mw8266d_restore
    esp8266.o(i.ESP8266_init) refers to atk_mw8266d.o(i.atk_mw8266d_at_test) for atk_mw8266d_at_test
    esp8266.o(i.ESP8266_init) refers to atk_mw8266d.o(i.atk_mw8266d_set_mode) for atk_mw8266d_set_mode
    esp8266.o(i.ESP8266_init) refers to atk_mw8266d.o(i.atk_mw8266d_sw_reset) for atk_mw8266d_sw_reset
    esp8266.o(i.ESP8266_init) refers to atk_mw8266d.o(i.atk_mw8266d_ate_config) for atk_mw8266d_ate_config
    esp8266.o(i.ESP8266_init) refers to atk_mw8266d.o(i.atk_mw8266d_join_ap) for atk_mw8266d_join_ap
    esp8266.o(i.ESP8266_init) refers to atk_mw8266d.o(i.atk_mw8266d_get_ip) for atk_mw8266d_get_ip
    esp8266.o(i.ESP8266_init) refers to esp8266.o(i.show_ip) for show_ip
[...]
    i.change_unvarnished                     0x08003d20   Section        0  esp8266.o(i.change_unvarnished)
    change_unvarnished                       0x08003d21   Thumb Code    52  esp8266.o(i.change_unvarnished)
    i.delay_init                             0x08003d9c   Section        0  delay.o(i.delay_init)
    i.delay_ms                               0x08003dc4   Section        0  delay.o(i.delay_ms)
    i.delay_us                               0x08003dfc   Section        0  delay.o(i.delay_us)
    i.dht11_check                            0x08003e48   Section        0  dht11.o(i.dht11_check)
    i.dht11_init                             0x08003ea0   Section        0  dht11.o(i.dht11_init)
    i.dht11_read_bit                         0x08003ef0   Section        0  dht11.o(i.dht11_read_bit)
    i.dht11_read_byte                        0x08003f4c   Section        0  dht11.o(i.dht11_read_byte)
    dht11_read_byte                          0x08003f4d   Thumb Code    30  dht11.o(i.dht11_read_byte)
    i.dht11_read_data                        0x08003f6a   Section        0  dht11.o(i.dht11_read_data)
    i.dht11_reset                            0x08003fc4   Section        0  dht11.o(i.dht11_reset)
    dht11_reset                              0x08003fc5   Thumb Code    46  dht11.o(i.dht11_reset)
    i.fputc                                  0x08003ff8   Section        0  usart.o(i.fputc)
    i.http_post                              0x08004014   Section        0  esp8266.o(i.http_post)
    i.humi_read                              0x08004084   Section        0  temp.o(i.humi_read)
    i.key_init                               0x08004098   Section        0  key.o(i.key_init)
    i.lcd_clear                              0x08004150   Section        0  lcd.o(i.lcd_clear)
    i.lcd_display_dir                        0x08004184   Section        0  lcd.o(i.lcd_display_dir)
    i.lcd_draw_point                         0x080042b4   Section        0  lcd.o(i.lcd_draw_point)
    i.lcd_ex_ili9341_reginit                 0x080042d4   Section        0  lcd.o(i.lcd_ex_ili9341_reginit)
    i.lcd_ex_nt35310_reginit                 0x08004500   Section        0  lcd.o(i.lcd_ex_nt35310_reginit)
    i.lcd_ex_nt35510_reginit                 0x080053f2   Section        0  lcd.o(i.lcd_ex_nt35510_reginit)
    i.lcd_ex_ssd1963_reginit                 0x080062ee   Section        0  lcd.o(i.lcd_ex_ssd1963_reginit)
    i.lcd_ex_st7789_reginit                  0x0800645c   Section        0  lcd.o(i.lcd_ex_st7789_reginit)
    i.lcd_init                               0x08006604   Section        0  lcd.o(i.lcd_init)
    i.lcd_opt_delay                          0x080069b0   Section        0  lcd.o(i.lcd_opt_delay)
    lcd_opt_delay                            0x080069b1   Thumb Code    12  lcd.o(i.lcd_opt_delay)
    i.lcd_pow                                0x080069bc   Section        0  lcd.o(i.lcd_pow)
    lcd_pow                                  0x080069bd   Thumb Code    22  lcd.o(i.lcd_pow)
    i.lcd_rd_data                            0x080069d4   Section        0  lcd.o(i.lcd_rd_data)
    lcd_rd_data                              0x080069d5   Thumb Code    20  lcd.o(i.lcd_rd_data)
    i.lcd_scan_dir                           0x080069ec   Section        0  lcd.o(i.lcd_scan_dir)
    i.lcd_set_cursor                         0x08006c1c   Section        0  lcd.o(i.lcd_set_cursor)
    i.lcd_show_char                          0x08006d3c   Section        0  lcd.o(i.lcd_show_char)
    i.lcd_show_num                           0x08006e7c   Section        0  lcd.o(i.lcd_show_num)
    i.lcd_show_string                        0x08006f14   Section        0  lcd.o(i.lcd_show_string)
    i.lcd_ssd_backlight_set                  0x08006f80   Section        0  lcd.o(i.lcd_ssd_backlight_set)
    i.lcd_wr_data                            0x08006fd4   Section        0  lcd.o(i.lcd_wr_data)
    i.lcd_wr_regno                           0x08006fec   Section        0  lcd.o(i.lcd_wr_regno)
    i.lcd_write_ram_prepare                  0x08007004   Section        0  lcd.o(i.lcd_write_ram_prepare)
    i.lcd_write_reg                          0x08007018   Section        0  lcd.o(i.lcd_write_reg)
    i.led_init                               0x08007028   Section        0  led.o(i.led_init)
    i.main                                   0x080070b8   Section        0  main.o(i.main)
    i.request_body                           0x080071c4   Section        0  http.o(i.request_body)
    i.show_ip                                0x08007228   Section        0  esp8266.o(i.show_ip)
    show_ip                                  0x08007229   Thumb Code    36  esp8266.o(i.show_ip)
    i.show_mesg                              0x08007258   Section        0  main.o(i.show_mesg)
    i.sys_stm32_clock_init                   0x08007300   Section        0  sys.o(i.sys_stm32_clock_init)
    i.temp_humi_json                         0x08007358   Section        0  http.o(i.temp_humi_json)
    i.temp_init                              0x08007398   Section        0  temp.o(i.temp_init)
    i.temp_read                              0x080073f8   Section        0  temp.o(i.temp_read)
    i.usart_init                             0x0800740c   Section        0  usart.o(i.usart_init)
    locale$$code                             0x08007444   Section       44  lc_numeric_c.o(locale$$code)
    locale$$code                             0x08007470   Section       44  lc_ctype_c.o(locale$$code)
    x$fpl$dfixu                              0x0800749c   Section       90  dfixu.o(x$fpl$dfixu)
    x$fpl$dfltu                              0x080074f6   Section       38  dflt_clz.o(x$fpl$dfltu)
    x$fpl$dmul                               0x0800751c   Section      340  dmul.o(x$fpl$dmul)
    x$fpl$dnaninf                            0x08007670   Section      156  dnaninf.o(x$fpl$dnaninf)
    x$fpl$dretinf                            0x0800770c   Section       12  dretinf.o(x$fpl$dretinf)
    x$fpl$printf1                            0x08007718   Section        4  printf1.o(x$fpl$printf1)
    x$fpl$printf2                            0x0800771c   Section        4  printf2.o(x$fpl$printf2)
    .constdata                               0x08007720   Section       24  system_stm32f1xx.o(.constdata)
    x$fpl$usenofp                            0x08007720   Section        0  usenofp.o(x$fpl$usenofp)
    .constdata                               0x08007738   Section    12160  lcd.o(.constdata)
    .constdata                               0x0800a6b8   Section       40  _printf_hex_int_ll_ptr.o(.constdata)
    uc_hextab                                0x0800a6b8   Data          20  _printf_hex_int_ll_ptr.o(.constdata)
    lc_hextab                                0x0800a6cc   Data          20  _printf_hex_int_ll_ptr.o(.constdata)
    .constdata                               0x0800a6e0   Section       17  __printf_flags_ss_wp.o(.constdata)
    maptable                                 0x0800a6e0   Data          17  __printf_flags_ss_wp.o(.constdata)
    .constdata                               0x0800a6f4   Section        8  _printf_wctomb.o(.constdata)
    initial_mbstate                          0x0800a6f4   Data           8  _printf_wctomb.o(.constdata)
    .constdata                               0x0800a6fc   Section       38  _printf_fp_hex.o(.constdata)
    lc_hextab                                0x0800a6fc   Data          19  _printf_fp_hex.o(.constdata)
    uc_hextab                                0x0800a70f   Data          19  _printf_fp_hex.o(.constdata)
    .constdata                               0x0800a724   Section      148  bigflt0.o(.constdata)
    tenpwrs_x                                0x0800a724   Data          60  bigflt0.o(.constdata)
    tenpwrs_i                                0x0800a760   Data          64  bigflt0.o(.constdata)
    .conststring                             0x0800a7b8   Section      108  http.o(.conststring)
    locale$$data                             0x0800a844   Section       28  lc_numeric_c.o(locale$$data)
    __lcnum_c_name                           0x0800a848   Data           2  lc_numeric_c.o(locale$$data)
    __lcnum_c_start                          0x0800a850   Data           0  lc_numeric_c.o(locale$$data)
    __lcnum_c_point                          0x0800a85c   Data           0  lc_numeric_c.o(locale$$data)
    __lcnum_c_thousands                      0x0800a85e   Data           0  lc_numeric_c.o(locale$$data)
    __lcnum_c_grouping                       0x0800a85f   Data           0  lc_numeric_c.o(locale$$data)
    locale$$data                             0x0800a860   Section      272  lc_ctype_c.o(locale$$data)
    __lcnum_c_end                            0x0800a860   Data           0  lc_numeric_c.o(locale$$data)
    __lcctype_c_name                         0x0800a864   Data           2  lc_ctype_c.o(locale$$data)
    __lcctype_c_start                        0x0800a86c   Data           0  lc_ctype_c.o(locale$$data)
    __lcctype_c_end                          0x0800a970   Data           0  lc_ctype_c.o(locale$$data)
    .data                                    0x20000000   Section        4  system_stm32f1xx.o(.data)
    .data                                    0x20000004   Section        2  delay.o(.data)
    g_fac_us                                 0x20000004   Data           2  delay.o(.data)
    .data                                    0x20000008   Section        7  usart.o(.data)
    .data                                    0x20000010   Section        9  stm32f1xx_hal.o(.data)
    .data                                    0x2000001c   Section        8  lcd.o(.data)
    .bss                                     0x20000024   Section      264  usart.o(.bss)
    .bss                                     0x2000012c   Section       86  lcd.o(.bss)
    .bss                                     0x20000184   Section      258  atk_mw8266d_uart.o(.bss)
    g_uart_handle                            0x20000184   Data          64  atk_mw8266d_uart.o(.bss)
    g_uart_rx_frame                          0x200001c4   Data         130  atk_mw8266d_uart.o(.bss)
    g_uart_tx_buf                            0x20000246   Data          64  atk_mw8266d_uart.o(.bss)
    .bss                                     0x20000288   Section       96  libspace.o(.bss)
    HEAP                                     0x200002e8   Section      512  startup_stm32f103xe.o(HEAP)
    Heap_Mem                                 0x200002e8   Data         512  startup_stm32f103xe.o(HEAP)
    STACK                                    0x200004e8   Section     1024  startup_stm32f103xe.o(STACK)
    Stack_Mem                                0x200004e8   Data        1024  startup_stm32f103xe.o(STACK)
    __initial_sp                             0x200008e8   Data           0  startup_stm32f103xe.o(STACK)

    Global Symbols

    Symbol Name                              Value     Ov Type        Size  Object(Section)

    BuildAttributes$$THM_ISAv4$P$D$K$B$S$PE$A:L22UL41UL21$X:L11$S22US41US21$IEEE1$IW$USESV6$~STKCKD$USESV7$~SHL$OTIME$ROPI$IEEEJ$EBA8$UX$STANDARDLIB$REQ8$PRES8$EABIv2 0x00000000   Number         0  anon$$obj.o ABSOLUTE
    __ARM_use_no_argv                        0x00000000   Number         0  main.o ABSOLUTE
    _printf_flags                            0x00000000   Number         0  printf_stubs.o ABSOLUTE
    _printf_return_value                     0x00000000   Number         0  printf_stubs.o ABSOLUTE
    _printf_sizespec                         0x00000000   Number         0  printf_stubs.o ABSOLUTE
    _printf_widthprec                        0x00000000   Number         0  printf_stubs.o ABSOLUTE
    __ARM_exceptions_init                     - Undefined Weak Reference
    __alloca_initialize                       - Undefined Weak Reference
    __arm_fini_                               - Undefined Weak Reference
    __arm_preinit_                            - Undefined Weak Reference
    __cpp_initialize__aeabi_                  - Undefined Weak Reference
    __cxa_finalize                            - Undefined Weak Reference
    __sigvec_lookup                           - Undefined Weak Reference
    _atexit_init                              - Undefined Weak Reference
    _call_atexit_fns                          - Undefined Weak Reference
    _clock_init                               - Undefined Weak Reference
    _fp_trap_init                             - Undefined Weak Reference
    _fp_trap_shutdown                         - Undefined Weak Reference
    _get_lc_collate                           - Undefined Weak Reference
    _get_lc_monetary                          - Undefined Weak Reference
    _get_lc_time                              - Undefined Weak Reference
    _getenv_init                              - Undefined Weak Reference
    _handle_redirection                       - Undefined Weak Reference
    _init_alloc                               - Undefined Weak Reference
    _init_user_alloc                          - Undefined Weak Reference
    _initio                                   - Undefined Weak Reference
    _mutex_acquire                            - Undefined Weak Reference
    _mutex_release                            - Undefined Weak Reference
    _printf_mbtowc                            - Undefined Weak Reference
    _printf_wc                                - Undefined Weak Reference
    _rand_init                                - Undefined Weak Reference
    _signal_finish                            - Undefined Weak Reference
    _signal_init                              - Undefined Weak Reference
    _terminate_alloc                          - Undefined Weak Reference
    _terminate_user_alloc                     - Undefined Weak Reference
    _terminateio                              - Undefined Weak Reference
    __Vectors_Size                           0x00000130   Number         0  startup_stm32f103xe.o ABSOLUTE
    __Vectors                                0x08000000   Data           4  startup_stm32f103xe.o(RESET)
    __Vectors_End                            0x08000130   Data           0  startup_stm32f103xe.o(RESET)
    __main                                   0x08000131   Thumb Code     8  __main.o(!!!main)
    __scatterload                            0x08000139   Thumb Code     0  __scatter.o(!!!scatter)
    __scatterload_rt2                        0x08000139   Thumb Code    44  __scatter.o(!!!scatter)
    __scatterload_rt2_thumb_only             0x08000139   Thumb Code     0  __scatter.o(!!!scatter)
    __scatterload_null                       0x08000147   Thumb Code     0  __scatter.o(!!!scatter)
    __scatterload_copy                       0x0800016d   Thumb Code    26  __scatter_copy.o(!!handler_copy)
    __scatterload_zeroinit                   0x08000189   Thumb Code    28  __scatter_zi.o(!!handler_zi)
    _printf_n                                0x080001a5   Thumb Code     0  _printf_n.o(.ARM.Collect$$_printf_percent$$00000001)
    _printf_percent                          0x080001a5   Thumb Code     0  _printf_percent.o(.ARM.Collect$$_printf_percent$$00000000)
    _printf_p                                0x080001ab   Thumb Code     0  _printf_p.o(.ARM.Collect$$_printf_percent$$00000002)
    _printf_f                                0x080001b1   Thumb Code     0  _printf_f.o(.ARM.Collect$$_printf_percent$$00000003)
    _printf_e                                0x080001b7   Thumb Code     0  _printf_e.o(.ARM.Collect$$_printf_percent$$00000004)
    _printf_g                                0x080001bd   Thumb Code     0  _printf_g.o(.ARM.Collect$$_printf_percent$$00000005)
    _printf_a                                0x080001c3   Thumb Code     0  _printf_a.o(.ARM.Collect$$_printf_percent$$00000006)
    _printf_ll                               0x080001c9   Thumb Code     0  _printf_ll.o(.ARM.Collect$$_printf_percent$$00000007)
    _printf_i                                0x080001d3   Thumb Code     0  _printf_i.o(.ARM.Collect$$_printf_percent$$00000008)
    _printf_d                                0x080001d9   Thumb Code     0  _printf_d.o(.ARM.Collect$$_printf_percent$$00000009)
    _printf_u                                0x080001df   Thumb Code     0  _printf_u.o(.ARM.Collect$$_printf_percent$$0000000A)
    _printf_o                                0x080001e5   Thumb Code     0  _printf_o.o(.ARM.Collect$$_printf_percent$$0000000B)
    _printf_x                                0x080001eb   Thumb Code     0  _printf_x.o(.ARM.Collect$$_printf_percent$$0000000C)
    _printf_lli                              0x080001f1   Thumb Code     0  _printf_lli.o(.ARM.Collect$$_printf_percent$$0000000D)
    _printf_lld                              0x080001f7   Thumb Code     0  _printf_lld.o(.ARM.Collect$$_printf_percent$$0000000E)
    _printf_llu                              0x080001fd   Thumb Code     0  _printf_llu.o(.ARM.Collect$$_printf_percent$$0000000F)
    _printf_llo                              0x08000203   Thumb Code     0  _printf_llo.o(.ARM.Collect$$_printf_percent$$00000010)
    _printf_llx                              0x08000209   Thumb Code     0  _printf_llx.o(.ARM.Collect$$_printf_percent$$00000011)
    _printf_l                                0x0800020f   Thumb Code     0  _printf_l.o(.ARM.Collect$$_printf_percent$$00000012)
    _printf_c                                0x08000219   Thumb Code     0  _printf_c.o(.ARM.Collect$$_printf_percent$$00000013)
    _printf_s                                0x0800021f   Thumb Code     0  _printf_s.o(.ARM.Collect$$_printf_percent$$00000014)
    _printf_lc                               0x08000225   Thumb Code     0  _printf_lc.o(.ARM.Collect$$_printf_percent$$00000015)
    _printf_ls                               0x0800022b   Thumb Code     0  _printf_ls.o(.ARM.Collect$$_printf_percent$$00000016)
    _printf_percent_end                      0x08000231   Thumb Code     0  _printf_percent_end.o(.ARM.Collect$$_printf_percent$$00000017)
    __rt_lib_init                            0x08000235   Thumb Code     0  libinit.o(.ARM.Collect$$libinit$$00000000)
    __rt_lib_init_fp_1                       0x08000237   Thumb Code     0  libinit2.o(.ARM.Collect$$libinit$$00000002)
    __rt_lib_init_heap_1                     0x08000237   Thumb Code     0  libinit2.o(.ARM.Collect$$libinit$$0000000A)
    __rt_lib_init_lc_common                  0x08000237   Thumb Code     0  libinit2.o(.ARM.Collect$$libinit$$0000000F)
    __rt_lib_init_preinit_1                  0x08000237   Thumb Code     0  libinit2.o(.ARM.Collect$$libinit$$00000004)
    __rt_lib_init_rand_1                     0x08000237   Thumb Code     0  libinit2.o(.ARM.Collect$$libinit$$0000000E)
    __rt_lib_init_user_alloc_1               0x08000237   Thumb Code     0  libinit2.o(.ARM.Collect$$libinit$$0000000C)
    __rt_lib_init_lc_collate_1               0x0800023d   Thumb Code     0  libinit2.o(.ARM.Collect$$libinit$$00000011)
    __rt_lib_init_lc_ctype_2                 0x0800023d   Thumb Code     0  libinit2.o(.ARM.Collect$$libinit$$00000012)
    __rt_lib_init_lc_ctype_1                 0x08000249   Thumb Code     0  libinit2.o(.ARM.Collect$$libinit$$00000013)
    __rt_lib_init_lc_monetary_1              0x08000249   Thumb Code     0  libinit2.o(.ARM.Collect$$libinit$$00000015)
    __rt_lib_init_lc_numeric_2               0x08000249   Thumb Code     0  libinit2.o(.ARM.Collect$$libinit$$00000016)
    __rt_lib_init_alloca_1                   0x08000253   Thumb Code     0  libinit2.o(.ARM.Collect$$libinit$$0000002E)
    __rt_lib_init_argv_1                     0x08000253   Thumb Code     0  libinit2.o(.ARM.Collect$$libinit$$0000002C)
    __rt_lib_init_atexit_1                   0x08000253   Thumb Code     0  libinit2.o(.ARM.Collect$$libinit$$0000001B)
    __rt_lib_init_clock_1                    0x08000253   Thumb Code     0  libinit2.o(.ARM.Collect$$libinit$$00000021)
    __rt_lib_init_cpp_1                      0x08000253   Thumb Code     0  libinit2.o(.ARM.Collect$$libinit$$00000032)
    __rt_lib_init_exceptions_1               0x08000253   Thumb Code     0  libinit2.o(.ARM.Collect$$libinit$$00000030)
    __rt_lib_init_fp_trap_1                  0x08000253   Thumb Code     0  libinit2.o(.ARM.Collect$$libinit$$0000001F)
    __rt_lib_init_getenv_1                   0x08000253   Thumb Code     0  libinit2.o(.ARM.Collect$$libinit$$00000023)
    __rt_lib_init_lc_numeric_1               0x08000253   Thumb Code     0  libinit2.o(.ARM.Collect$$libinit$$00000017)
    __rt_lib_init_lc_time_1                  0x08000253   Thumb Code     0  libinit2.o(.ARM.Collect$$libinit$$00000019)
    __rt_lib_init_return                     0x08000253   Thumb Code     0  libinit2.o(.ARM.Collect$$libinit$$00000033)
    __rt_lib_init_signal_1                   0x08000253   Thumb Code     0  libinit2.o(.ARM.Collect$$libinit$$0000001D)
    __rt_lib_init_stdio_1                    0x08000253   Thumb Code     0  libinit2.o(.ARM.Collect$$libinit$$00000025)
    __rt_lib_shutdown                        0x08000255   Thumb Code     0  libshutdown.o(.ARM.Collect$$libshutdown$$00000000)
    __rt_lib_shutdown_cpp_1                  0x08000257   Thumb Code     0  libshutdown2.o(.ARM.Collect$$libshutdown$$00000004)
    __rt_lib_shutdown_fini_1                 0x08000257   Thumb Code     0  libshutdown2.o(.ARM.Collect$$libshutdown$$00000002)
    __rt_lib_shutdown_fp_trap_1              0x08000257   Thumb Code     0  libshutdown2.o(.ARM.Collect$$libshutdown$$00000009)
    __rt_lib_shutdown_heap_1                 0x08000257   Thumb Code     0  libshutdown2.o(.ARM.Collect$$libshutdown$$00000011)
    __rt_lib_shutdown_return                 0x08000257   Thumb Code     0  libshutdown2.o(.ARM.Collect$$libshutdown$$00000012)
    __rt_lib_shutdown_signal_1               0x08000257   Thumb Code     0  libshutdown2.o(.ARM.Collect$$libshutdown$$0000000C)
    __rt_lib_shutdown_stdio_1                0x08000257   Thumb Code     0  libshutdown2.o(.ARM.Collect$$libshutdown$$00000006)
    __rt_lib_shutdown_user_alloc_1           0x08000257   Thumb Code     0  libshutdown2.o(.ARM.Collect$$libshutdown$$0000000E)
    __rt_entry                               0x08000259   Thumb Code     0  __rtentry.o(.ARM.Collect$$rtentry$$00000000)
    __rt_entry_presh_1                       0x08000259   Thumb Code     0  __rtentry2.o(.ARM.Collect$$rtentry$$00000002)
    __rt_entry_sh                            0x08000259   Thumb Code     0  __rtentry4.o(.ARM.Collect$$rtentry$$00000004)
    __rt_entry_li                            0x0800025f   Thumb Code     0  __rtentry2.o(.ARM.Collect$$rtentry$$0000000A)
    __rt_entry_postsh_1                      0x0800025f   Thumb Code     0  __rtentry2.o(.ARM.Collect$$rtentry$$00000009)
    __rt_entry_main                          0x08000263   Thumb Code     0  __rtentry2.o(.ARM.Collect$$rtentry$$0000000D)
    __rt_entry_postli_1                      0x08000263   Thumb Code     0  __rtentry2.o(.ARM.Collect$$rtentry$$0000000C)
    __rt_exit                                0x0800026b   Thumb Code     0  rtexit.o(.ARM.Collect$$rtexit$$00000000)
    __rt_exit_ls                             0x0800026d   Thumb Code     0  rtexit2.o(.ARM.Collect$$rtexit$$00000003)
    __rt_exit_prels_1                        0x0800026d   Thumb Code     0  rtexit2.o(.ARM.Collect$$rtexit$$00000002)
    __rt_exit_exit                           0x08000271   Thumb Code     0  rtexit2.o(.ARM.Collect$$rtexit$$00000004)
    Reset_Handler                            0x08000279   Thumb Code     8  startup_stm32f103xe.o(.text)
    PendSV_Handler                           0x0800028f   Thumb Code     2  startup_stm32f103xe.o(.text)
    SysTick_Handler                          0x08000291   Thumb Code     2  startup_stm32f103xe.o(.text)
    ADC1_2_IRQHandler                        0x08000293   Thumb Code     0  startup_stm32f103xe.o(.text)
    ADC3_IRQHandler                          0x08000293   Thumb Code     0  startup_stm32f103xe.o(.text)
    CAN1_RX1_IRQHandler                      0x08000293   Thumb Code     0  startup_stm32f103xe.o(.text)
    CAN1_SCE_IRQHandler                      0x08000293   Thumb Code     0  startup_stm32f103xe.o(.text)
    DMA1_Channel1_IRQHandler                 0x08000293   Thumb Code     0  startup_stm32f103xe.o(.text)
    DMA1_Channel2_IRQHandler                 0x08000293   Thumb Code     0  startup_stm32f103xe.o(.text)
    DMA1_Channel3_IRQHandler                 0x08000293   Thumb Code     0  startup_stm32f103xe.o(.text)
    DMA1_Channel4_IRQHandler                 0x08000293   Thumb Code     0  startup_stm32f103xe.o(.text)
    DMA1_Channel5_IRQHandler                 0x08000293   Thumb Code     0  startup_stm32f103xe.o(.text)
    DMA1_Channel6_IRQHandler                 0x08000293   Thumb Code     0  startup_stm32f103xe.o(.text)
    DMA1_Channel7_IRQHandler                 0x08000293   Thumb Code     0  startup_stm32f103xe.o(.text)
    DMA2_Channel1_IRQHandler                 0x08000293   Thumb Code     0  startup_stm32f103xe.o(.text)
    DMA2_Channel2_IRQHandler                 0x08000293   Thumb Code     0  startup_stm32f103xe.o(.text)
    DMA2_Channel3_IRQHandler                 0x08000293   Thumb Code     0  startup_stm32f103xe.o(.text)
    DMA2_Channel4_5_IRQHandler               0x08000293   Thumb Code     0  startup_stm32f103xe.o(.text)
    EXTI0_IRQHandler                         0x08000293   Thumb Code     0  startup_stm32f103xe.o(.text)
    EXTI15_10_IRQHandler                     0x08000293   Thumb Code     0  startup_stm32f103xe.o(.text)
    EXTI1_IRQHandler                         0x08000293   Thumb Code     0  startup_stm32f103xe.o(.text)
    EXTI2_IRQHandler                         0x08000293   Thumb Code     0  startup_stm32f103xe.o(.text)
    EXTI3_IRQHandler                         0x08000293   Thumb Code     0  startup_stm32f103xe.o(.text)
    EXTI4_IRQHandler                         0x08000293   Thumb Code     0  startup_stm32f103xe.o(.text)
    EXTI9_5_IRQHandler                       0x08000293   Thumb Code     0  startup_stm32f103xe.o(.text)
    FLASH_IRQHandler                         0x08000293   Thumb Code     0  startup_stm32f103xe.o(.text)
    FSMC_IRQHandler                          0x08000293   Thumb Code     0  startup_stm32f103xe.o(.text)
    I2C1_ER_IRQHandler                       0x08000293   Thumb Code     0  startup_stm32f103xe.o(.text)
    I2C1_EV_IRQHandler                       0x08000293   Thumb Code     0  startup_stm32f103xe.o(.text)
    I2C2_ER_IRQHandler                       0x08000293   Thumb Code     0  startup_stm32f103xe.o(.text)
    I2C2_EV_IRQHandler                       0x08000293   Thumb Code     0  startup_stm32f103xe.o(.text)
    PVD_IRQHandler                           0x08000293   Thumb Code     0  startup_stm32f103xe.o(.text)
    RCC_IRQHandler                           0x08000293   Thumb Code     0  startup_stm32f103xe.o(.text)
    RTC_Alarm_IRQHandler                     0x08000293   Thumb Code     0  startup_stm32f103xe.o(.text)
    RTC_IRQHandler                           0x08000293   Thumb Code     0  startup_stm32f103xe.o(.text)
    SDIO_IRQHandler                          0x08000293   Thumb Code     0  startup_stm32f103xe.o(.text)
    SPI1_IRQHandler                          0x08000293   Thumb Code     0  startup_stm32f103xe.o(.text)
    SPI2_IRQHandler                          0x08000293   Thumb Code     0  startup_stm32f103xe.o(.text)
    SPI3_IRQHandler                          0x08000293   Thumb Code     0  startup_stm32f103xe.o(.text)
    TAMPER_IRQHandler                        0x08000293   Thumb Code     0  startup_stm32f103xe.o(.text)
    TIM1_BRK_IRQHandler                      0x08000293   Thumb Code     0  startup_stm32f103xe.o(.text)
    TIM1_CC_IRQHandler                       0x08000293   Thumb Code     0  startup_stm32f103xe.o(.text)
    TIM1_TRG_COM_IRQHandler                  0x08000293   Thumb Code     0  startup_stm32f103xe.o(.text)
    TIM1_UP_IRQHandler                       0x08000293   Thumb Code     0  startup_stm32f103xe.o(.text)
    TIM2_IRQHandler                          0x08000293   Thumb Code     0  startup_stm32f103xe.o(.text)
    TIM3_IRQHandler                          0x08000293   Thumb Code     0  startup_stm32f103xe.o(.text)
    TIM4_IRQHandler                          0x08000293   Thumb Code     0  startup_stm32f103xe.o(.text)
    TIM5_IRQHandler                          0x08000293   Thumb Code     0  startup_stm32f103xe.o(.text)
    TIM6_IRQHandler                          0x08000293   Thumb Code     0  startup_stm32f103xe.o(.text)
    TIM7_IRQHandler                          0x08000293   Thumb Code     0  startup_stm32f103xe.o(.text)
    TIM8_BRK_IRQHandler                      0x08000293   Thumb Code     0  startup_stm32f103xe.o(.text)
    TIM8_CC_IRQHandler                       0x08000293   Thumb Code     0  startup_stm32f103xe.o(.text)
    TIM8_TRG_COM_IRQHandler                  0x08000293   Thumb Code     0  startup_stm32f103xe.o(.text)
    TIM8_UP_IRQHandler                       0x08000293   Thumb Code     0  startup_stm32f103xe.o(.text)
    UART4_IRQHandler                         0x08000293   Thumb Code     0  startup_stm32f103xe.o(.text)
    UART5_IRQHandler                         0x08000293   Thumb Code     0  startup_stm32f103xe.o(.text)
    USART2_IRQHandler                        0x08000293   Thumb Code     0  startup_stm32f103xe.o(.text)
    USBWakeUp_IRQHandler                     0x08000293   Thumb Code     0  startup_stm32f103xe.o(.text)
    USB_HP_CAN1_TX_IRQHandler                0x08000293   Thumb Code     0  startup_stm32f103xe.o(.text)
    USB_LP_CAN1_RX0_IRQHandler               0x08000293   Thumb Code     0  startup_stm32f103xe.o(.text)
    WWDG_IRQHandler                          0x08000293   Thumb Code     0  startup_stm32f103xe.o(.text)
    __user_initial_stackheap                 0x08000295   Thumb Code     0  startup_stm32f103xe.o(.text)
    __use_no_semihosting                     0x080002b9   Thumb Code     2  use_no_semi_2.o(.text)
    vsprintf                                 0x080002bd   Thumb Code    32  vsprintf.o(.text)
    __2printf                                0x080002e1   Thumb Code    20  __2printf.o(.text)
    __2sprintf                               0x080002f9   Thumb Code    38  __2sprintf.o(.text)
    _printf_str                              0x08000325   Thumb Code    82  _printf_str.o(.text)
    _printf_int_dec                          0x08000379   Thumb Code   104  _printf_dec.o(.text)
    _printf_longlong_hex                     0x080003f1   Thumb Code    86  _printf_hex_int_ll_ptr.o(.text)
    _printf_int_hex                          0x08000447   Thumb Code    28  _printf_hex_int_ll_ptr.o(.text)
    _printf_ll_hex                           0x08000463   Thumb Code    12  _printf_hex_int_ll_ptr.o(.text)
    _printf_hex_ptr                          0x0800046f   Thumb Code    18  _printf_hex_int_ll_ptr.o(.text)
    __printf                                 0x08000485   Thumb Code   388  __printf_flags_ss_wp.o(.text)
    strstr                                   0x0800060d   Thumb Code    36  strstr.o(.text)
    strlen                                   0x08000631   Thumb Code    62  strlen.o(.text)
    __use_two_region_memory                  0x0800066f   Thumb Code     2  heapauxi.o(.text)
    __rt_heap_escrow$2region                 0x08000671   Thumb Code     2  heapauxi.o(.text)
    __rt_heap_expand$2region                 0x08000673   Thumb Code     2  heapauxi.o(.text)
    __semihosting$guard                      0x08000675   Thumb Code     0  use_no_semi.o(.text)
    __use_no_semihosting_swi                 0x08000675   Thumb Code     2  use_no_semi.o(.text)
    _printf_pre_padding                      0x08000677   Thumb Code    44  _printf_pad.o(.text)
    _printf_post_padding                     0x080006a3   Thumb Code    34  _printf_pad.o(.text)
    _printf_truncate_signed                  0x080006c5   Thumb Code    18  _printf_truncate.o(.text)
    _printf_truncate_unsigned                0x080006d7   Thumb Code    18  _printf_truncate.o(.text)
    _printf_int_common                       0x080006e9   Thumb Code   178  _printf_intcommon.o(.text)
    _printf_charcount                        0x0800079b   Thumb Code    40  _printf_charcount.o(.text)
    _printf_char_common                      0x080007cf   Thumb Code    32  _printf_char_common.o(.text)
    _sputc                                   0x080007f5   Thumb Code    10  _sputc.o(.text)
    _printf_cs_common                        0x080007ff   Thumb Code    20  _printf_char.o(.text)
    _printf_char                             0x08000813   Thumb Code    16  _printf_char.o(.text)
    _printf_string                           0x08000823   Thumb Code     8  _printf_char.o(.text)
    _printf_char_file                        0x0800082d   Thumb Code    32  _printf_char_file.o(.text)
    _printf_wctomb                           0x08000851   Thumb Code   182  _printf_wctomb.o(.text)
    _printf_longlong_dec                     0x0800090d   Thumb Code   108  _printf_longlong_dec.o(.text)
    _printf_longlong_oct                     0x08000989   Thumb Code    66  _printf_oct_int_ll.o(.text)
    _printf_int_oct                          0x080009cb   Thumb Code    24  _printf_oct_int_ll.o(.text)
    _printf_ll_oct                           0x080009e3   Thumb Code    12  _printf_oct_int_ll.o(.text)
    _ll_udiv10                               0x080009f9   Thumb Code   138  lludiv10.o(.text)
    __lib_sel_fp_printf                      0x08000a83   Thumb Code     2  _printf_fp_dec.o(.text)
    _printf_fp_dec_real                      0x08000c35   Thumb Code   620  _printf_fp_dec.o(.text)
    _printf_fp_hex_real                      0x08000ea1   Thumb Code   756  _printf_fp_hex.o(.text)
    _printf_lcs_common                       0x0800119d   Thumb Code    20  _printf_wchar.o(.text)
    _printf_wchar                            0x080011b1   Thumb Code    16  _printf_wchar.o(.text)
    _printf_wstring                          0x080011c1   Thumb Code     8  _printf_wchar.o(.text)
    ferror                                   0x080011c9   Thumb Code     8  ferror.o(.text)
    _wcrtomb                                 0x080011d1   Thumb Code    64  _wcrtomb.o(.text)
    __user_setup_stackheap                   0x08001211   Thumb Code    74  sys_stackheap_outer.o(.text)
    __rt_ctype_table                         0x0800125d   Thumb Code    16  rt_ctype_table.o(.text)
    __rt_locale                              0x0800126d   Thumb Code     8  rt_locale_intlibspace.o(.text)
    _printf_fp_infnan                        0x08001275   Thumb Code   112  _printf_fp_infnan.o(.text)
    _btod_etento                             0x080012f5   Thumb Code   224  bigflt0.o(.text)
    exit                                     0x080013d9   Thumb Code    18  exit.o(.text)
    __user_libspace                          0x080013ed   Thumb Code     8  libspace.o(.text)
    __user_perproc_libspace                  0x080013ed   Thumb Code     0  libspace.o(.text)
    __user_perthread_libspace                0x080013ed   Thumb Code     0  libspace.o(.text)
    strcmp                                   0x080013f5   Thumb Code   128  strcmpv7m.o(.text)
    _btod_d2e                                0x08001475   Thumb Code    62  btod.o(CL$$btod_d2e)
    _d2e_denorm_low                          0x080014b3   Thumb Code    70  btod.o(CL$$btod_d2e_denorm_low)
    _d2e_norm_op1                            0x080014f9   Thumb Code    96  btod.o(CL$$btod_d2e_norm_op1)
    __btod_div_common                        0x08001559   Thumb Code   696  btod.o(CL$$btod_div_common)
    _e2e                                     0x08001891   Thumb Code   220  btod.o(CL$$btod_e2e)
    _btod_ediv                               0x0800196d   Thumb Code    42  btod.o(CL$$btod_ediv)
    _btod_emul                               0x08001997   Thumb Code    42  btod.o(CL$$btod_emul)
    __btod_mult_common                       0x080019c1   Thumb Code   580  btod.o(CL$$btod_mult_common)
    BusFault_Handler                         0x08001c05   Thumb Code     4  stm32f1xx_it.o(i.BusFault_Handler)
    DebugMon_Handler                         0x08001c09   Thumb Code     2  stm32f1xx_it.o(i.DebugMon_Handler)
    ESP8266_init                             0x08001c0d   Thumb Code   368  esp8266.o(i.ESP8266_init)
    FSMC_NORSRAM_Extended_Timing_Init        0x08001eb5   Thumb Code    62  stm32f1xx_ll_fsmc.o(i.FSMC_NORSRAM_Extended_Timing_Init)
    FSMC_NORSRAM_Init                        0x08001ef9   Thumb Code   116  stm32f1xx_ll_fsmc.o(i.FSMC_NORSRAM_Init)
    FSMC_NORSRAM_Timing_Init                 0x08001f71   Thumb Code    66  stm32f1xx_ll_fsmc.o(i.FSMC_NORSRAM_Timing_Init)
    HAL_DMA_Abort_IT                         0x08001fb5   Thumb Code   414  stm32f1xx_hal_dma.o(i.HAL_DMA_Abort_IT)
    HAL_GPIO_Init                            0x0800215d   Thumb Code   792  stm32f1xx_hal_gpio.o(i.HAL_GPIO_Init)
    HAL_GPIO_ReadPin                         0x0800249d   Thumb Code    16  stm32f1xx_hal_gpio.o(i.HAL_GPIO_ReadPin)
    HAL_GPIO_TogglePin                       0x080024ad   Thumb Code    20  stm32f1xx_hal_gpio.o(i.HAL_GPIO_TogglePin)
    HAL_GPIO_WritePin                        0x080024c1   Thumb Code    12  stm32f1xx_hal_gpio.o(i.HAL_GPIO_WritePin)
    HAL_GetTick                              0x080024cd   Thumb Code     6  stm32f1xx_hal.o(i.HAL_GetTick)
    HAL_Init                                 0x080024d9   Thumb Code    34  stm32f1xx_hal.o(i.HAL_Init)
    HAL_InitTick                             0x08002501   Thumb Code    64  stm32f1xx_hal.o(i.HAL_InitTick)
    HAL_MspInit                              0x0800254d   Thumb Code     2  stm32f1xx_hal.o(i.HAL_MspInit)
    HAL_NVIC_EnableIRQ                       0x0800254f   Thumb Code    32  stm32f1xx_hal_cortex.o(i.HAL_NVIC_EnableIRQ)
    HAL_NVIC_SetPriority                     0x0800256f   Thumb Code   124  stm32f1xx_hal_cortex.o(i.HAL_NVIC_SetPriority)
    HAL_NVIC_SetPriorityGrouping             0x080025ed   Thumb Code    32  stm32f1xx_hal_cortex.o(i.HAL_NVIC_SetPriorityGrouping)
    HAL_RCC_ClockConfig                      0x08002615   Thumb Code   376  stm32f1xx_hal_rcc.o(i.HAL_RCC_ClockConfig)
    HAL_RCC_GetHCLKFreq                      0x080027a1   Thumb Code     6  stm32f1xx_hal_rcc.o(i.HAL_RCC_GetHCLKFreq)
    HAL_RCC_GetPCLK1Freq                     0x080027ad   Thumb Code    22  stm32f1xx_hal_rcc.o(i.HAL_RCC_GetPCLK1Freq)
    HAL_RCC_GetPCLK2Freq                     0x080027cd   Thumb Code    22  stm32f1xx_hal_rcc.o(i.HAL_RCC_GetPCLK2Freq)
    HAL_RCC_GetSysClockFreq                  0x080027ed   Thumb Code   116  stm32f1xx_hal_rcc.o(i.HAL_RCC_GetSysClockFreq)
    HAL_RCC_OscConfig                        0x08002881   Thumb Code  1114  stm32f1xx_hal_rcc.o(i.HAL_RCC_OscConfig)
    HAL_SRAM_Init                            0x08002ce5   Thumb Code   102  stm32f1xx_hal_sram.o(i.HAL_SRAM_Init)
    HAL_SRAM_MspInit                         0x08002d4d   Thumb Code   130  lcd.o(i.HAL_SRAM_MspInit)
    HAL_SYSTICK_CLKSourceConfig              0x08002ddd   Thumb Code    40  stm32f1xx_hal_cortex.o(i.HAL_SYSTICK_CLKSourceConfig)
    HAL_SYSTICK_Config                       0x08002e05   Thumb Code    52  stm32f1xx_hal_cortex.o(i.HAL_SYSTICK_Config)
    HAL_UART_ErrorCallback                   0x08002e39   Thumb Code     2  stm32f1xx_hal_uart.o(i.HAL_UART_ErrorCallback)
    HAL_UART_IRQHandler                      0x08002e3d   Thumb Code   334  stm32f1xx_hal_uart.o(i.HAL_UART_IRQHandler)
    HAL_UART_Init                            0x08002f91   Thumb Code   114  stm32f1xx_hal_uart.o(i.HAL_UART_Init)
    HAL_UART_MspInit                         0x08003005   Thumb Code   358  usart.o(i.HAL_UART_MspInit)
    HAL_UART_Receive                         0x08003181   Thumb Code   216  stm32f1xx_hal_uart.o(i.HAL_UART_Receive)
    HAL_UART_Receive_IT                      0x08003259   Thumb Code   112  stm32f1xx_hal_uart.o(i.HAL_UART_Receive_IT)
    HAL_UART_RxCpltCallback                  0x080032c9   Thumb Code   120  usart.o(i.HAL_UART_RxCpltCallback)
    HAL_UART_Transmit                        0x08003351   Thumb Code   210  stm32f1xx_hal_uart.o(i.HAL_UART_Transmit)
    HAL_UART_TxCpltCallback                  0x08003423   Thumb Code     2  stm32f1xx_hal_uart.o(i.HAL_UART_TxCpltCallback)
    HardFault_Handler                        0x08003425   Thumb Code     4  stm32f1xx_it.o(i.HardFault_Handler)
    MemManage_Handler                        0x08003429   Thumb Code     4  stm32f1xx_it.o(i.MemManage_Handler)
    NMI_Handler                              0x0800342d   Thumb Code     2  stm32f1xx_it.o(i.NMI_Handler)
    SVC_Handler                              0x08003459   Thumb Code     2  stm32f1xx_it.o(i.SVC_Handler)
    SystemInit                               0x0800345b   Thumb Code     2  system_stm32f1xx.o(i.SystemInit)
    USART1_IRQHandler                        0x08003719   Thumb Code    26  usart.o(i.USART1_IRQHandler)
    USART3_IRQHandler                        0x0800373d   Thumb Code   252  atk_mw8266d_uart.o(i.USART3_IRQHandler)
    UsageFault_Handler                       0x08003841   Thumb Code     4  stm32f1xx_it.o(i.UsageFault_Handler)
    __ARM_fpclassify                         0x08003845   Thumb Code    40  fpclassify.o(i.__ARM_fpclassify)
    _is_digit                                0x080038a5   Thumb Code    14  __printf_wp.o(i._is_digit)
    _sys_exit                                0x080038b3   Thumb Code     4  usart.o(i._sys_exit)
    atk_mw8266d_at_test                      0x080038b9   Thumb Code    38  atk_mw8266d.o(i.atk_mw8266d_at_test)
    atk_mw8266d_ate_config                   0x080038e9   Thumb Code    60  atk_mw8266d.o(i.atk_mw8266d_ate_config)
    atk_mw8266d_connect_tcp_server           0x08003939   Thumb Code    46  atk_mw8266d.o(i.atk_mw8266d_connect_tcp_server)
    atk_mw8266d_enter_unvarnished            0x0800398d   Thumb Code    42  atk_mw8266d.o(i.atk_mw8266d_enter_unvarnished)
    atk_mw8266d_exit_unvarnished             0x080039dd   Thumb Code    10  atk_mw8266d.o(i.atk_mw8266d_exit_unvarnished)
    atk_mw8266d_get_ip                       0x080039ed   Thumb Code    70  atk_mw8266d.o(i.atk_mw8266d_get_ip)
    atk_mw8266d_hw_reset                     0x08003a95   Thumb Code    46  atk_mw8266d.o(i.atk_mw8266d_hw_reset)
    atk_mw8266d_init                         0x08003ac9   Thumb Code    32  atk_mw8266d.o(i.atk_mw8266d_init)
    atk_mw8266d_join_ap                      0x08003ae9   Thumb Code    46  atk_mw8266d.o(i.atk_mw8266d_join_ap)
    atk_mw8266d_restore                      0x08003b39   Thumb Code    26  atk_mw8266d.o(i.atk_mw8266d_restore)
    atk_mw8266d_send_at_cmd                  0x08003b69   Thumb Code    78  atk_mw8266d.o(i.atk_mw8266d_send_at_cmd)
    atk_mw8266d_set_mode                     0x08003bc1   Thumb Code    82  atk_mw8266d.o(i.atk_mw8266d_set_mode)
    atk_mw8266d_sw_reset                     0x08003c3d   Thumb Code    26  atk_mw8266d.o(i.atk_mw8266d_sw_reset)
    atk_mw8266d_uart_init                    0x08003c65   Thumb Code    38  atk_mw8266d_uart.o(i.atk_mw8266d_uart_init)
    atk_mw8266d_uart_printf                  0x08003c95   Thumb Code    50  atk_mw8266d_uart.o(i.atk_mw8266d_uart_printf)
    atk_mw8266d_uart_rx_get_frame            0x08003cd1   Thumb Code    38  atk_mw8266d_uart.o(i.atk_mw8266d_uart_rx_get_frame)
    atk_mw8266d_uart_rx_restart              0x08003cfd   Thumb Code    32  atk_mw8266d_uart.o(i.atk_mw8266d_uart_rx_restart)
    delay_init                               0x08003d9d   Thumb Code    34  delay.o(i.delay_init)
    delay_ms                                 0x08003dc5   Thumb Code    50  delay.o(i.delay_ms)
    delay_us                                 0x08003dfd   Thumb Code    72  delay.o(i.delay_us)
    dht11_check                              0x08003e49   Thumb Code    82  dht11.o(i.dht11_check)
    dht11_init                               0x08003ea1   Thumb Code    72  dht11.o(i.dht11_init)
    dht11_read_bit                           0x08003ef1   Thumb Code    88  dht11.o(i.dht11_read_bit)
    dht11_read_data                          0x08003f6b   Thumb Code    88  dht11.o(i.dht11_read_data)
    fputc                                    0x08003ff9   Thumb Code    24  usart.o(i.fputc)
    http_post                                0x08004015   Thumb Code    76  esp8266.o(i.http_post)
    humi_read                                0x08004085   Thumb Code    20  temp.o(i.humi_read)
    key_init                                 0x08004099   Thumb Code   172  key.o(i.key_init)
    lcd_clear                                0x08004151   Thumb Code    42  lcd.o(i.lcd_clear)
    lcd_display_dir                          0x08004185   Thumb Code   298  lcd.o(i.lcd_display_dir)
    lcd_draw_point                           0x080042b5   Thumb Code    26  lcd.o(i.lcd_draw_point)
    lcd_ex_ili9341_reginit                   0x080042d5   Thumb Code   556  lcd.o(i.lcd_ex_ili9341_reginit)
    lcd_ex_nt35310_reginit                   0x08004501   Thumb Code  3826  lcd.o(i.lcd_ex_nt35310_reginit)
    lcd_ex_nt35510_reginit                   0x080053f3   Thumb Code  3836  lcd.o(i.lcd_ex_nt35510_reginit)
    lcd_ex_ssd1963_reginit                   0x080062ef   Thumb Code   366  lcd.o(i.lcd_ex_ssd1963_reginit)
    lcd_ex_st7789_reginit                    0x0800645d   Thumb Code   424  lcd.o(i.lcd_ex_st7789_reginit)
    lcd_init                                 0x08006605   Thumb Code   898  lcd.o(i.lcd_init)
    lcd_scan_dir                             0x080069ed   Thumb Code   556  lcd.o(i.lcd_scan_dir)
    lcd_set_cursor                           0x08006c1d   Thumb Code   282  lcd.o(i.lcd_set_cursor)
    lcd_show_char                            0x08006d3d   Thumb Code   294  lcd.o(i.lcd_show_char)
    lcd_show_num                             0x08006e7d   Thumb Code   152  lcd.o(i.lcd_show_num)
    lcd_show_string                          0x08006f15   Thumb Code   106  lcd.o(i.lcd_show_string)
    lcd_ssd_backlight_set                    0x08006f81   Thumb Code    80  lcd.o(i.lcd_ssd_backlight_set)
    lcd_wr_data                              0x08006fd5   Thumb Code    18  lcd.o(i.lcd_wr_data)
    lcd_wr_regno                             0x08006fed   Thumb Code    18  lcd.o(i.lcd_wr_regno)
    lcd_write_ram_prepare                    0x08007005   Thumb Code    10  lcd.o(i.lcd_write_ram_prepare)
    lcd_write_reg                            0x08007019   Thumb Code    10  lcd.o(i.lcd_write_reg)
    led_init                                 0x08007029   Thumb Code   132  led.o(i.led_init)
    main                                     0x080070b9   Thumb Code   232  main.o(i.main)
    request_body                             0x080071c5   Thumb Code    46  http.o(i.request_body)
    show_mesg                                0x08007259   Thumb Code   108  main.o(i.show_mesg)
    sys_stm32_clock_init                     0x08007301   Thumb Code    86  sys.o(i.sys_stm32_clock_init)
    temp_humi_json                           0x08007359   Thumb Code    34  http.o(i.temp_humi_json)
    temp_init                                0x08007399   Thumb Code    62  temp.o(i.temp_init)
    temp_read                                0x080073f9   Thumb Code    20  temp.o(i.temp_read)
    usart_init                               0x0800740d   Thumb Code    44  usart.o(i.usart_init)
    _get_lc_numeric                          0x08007445   Thumb Code    44  lc_numeric_c.o(locale$$code)
    _get_lc_ctype                            0x08007471   Thumb Code    44  lc_ctype_c.o(locale$$code)
    __aeabi_d2uiz                            0x0800749d   Thumb Code     0  dfixu.o(x$fpl$dfixu)
    _dfixu                                   0x0800749d   Thumb Code    90  dfixu.o(x$fpl$dfixu)
    __aeabi_ui2d                             0x080074f7   Thumb Code     0  dflt_clz.o(x$fpl$dfltu)
    _dfltu                                   0x080074f7   Thumb Code    38  dflt_clz.o(x$fpl$dfltu)
    __aeabi_dmul                             0x0800751d   Thumb Code     0  dmul.o(x$fpl$dmul)
    _dmul                                    0x0800751d   Thumb Code   332  dmul.o(x$fpl$dmul)
    __fpl_dnaninf                            0x08007671   Thumb Code   156  dnaninf.o(x$fpl$dnaninf)
    __fpl_dretinf                            0x0800770d   Thumb Code    12  dretinf.o(x$fpl$dretinf)
    _printf_fp_dec                           0x08007719   Thumb Code     4  printf1.o(x$fpl$printf1)
    _printf_fp_hex                           0x0800771d   Thumb Code     4  printf2.o(x$fpl$printf2)
    AHBPrescTable                            0x08007720   Data          16  system_stm32f1xx.o(.constdata)
    __I$use$fp                               0x08007720   Number         0  usenofp.o(x$fpl$usenofp)
    APBPrescTable                            0x08007730   Data           8  system_stm32f1xx.o(.constdata)
    asc2_1206                                0x08007738   Data        1140  lcd.o(.constdata)
    asc2_1608                                0x08007bac   Data        1520  lcd.o(.constdata)
    asc2_2412                                0x0800819c   Data        3420  lcd.o(.constdata)
    asc2_3216                                0x08008ef8   Data        6080  lcd.o(.constdata)
    Region$$Table$$Base                      0x0800a824   Number         0  anon$$obj.o(Region$$Table)
    Region$$Table$$Limit                     0x0800a844   Number         0  anon$$obj.o(Region$$Table)
    __ctype                                  0x0800a86d   Data           0  lc_ctype_c.o(locale$$data)
    SystemCoreClock                          0x20000000   Data           4  system_stm32f1xx.o(.data)
    __stdout                                 0x20000008   Data           4  usart.o(.data)
    g_usart_rx_sta                           0x2000000c   Data           2  usart.o(.data)
    g_rx_buffer                              0x2000000e   Data           1  usart.o(.data)
    uwTick                                   0x20000010   Data           4  stm32f1xx_hal.o(.data)
    uwTickPrio                               0x20000014   Data           4  stm32f1xx_hal.o(.data)
    uwTickFreq                               0x20000018   Data           1  stm32f1xx_hal.o(.data)
    g_point_color                            0x2000001c   Data           4  lcd.o(.data)
    g_back_color                             0x20000020   Data           4  lcd.o(.data)
    g_usart_rx_buf                           0x20000024   Data         200  usart.o(.bss)
    g_uart1_handle                           0x200000ec   Data          64  usart.o(.bss)
    g_sram_handle                            0x2000012c   Data          72  lcd.o(.bss)
    lcddev                                   0x20000174   Data          14  lcd.o(.bss)
    __libspace_start                         0x20000288   Data          96  libspace.o(.bss)
    __temporary_stack_top$libspace           0x200002e8   Data           0  libspace.o(.bss)



==============================================================================

Memory Map of the image

  Image Entry point : 0x08000131

  Load Region LR_IROM1 (Base: 0x08000000, Size: 0x0000a994, Max: 0x00080000, ABSOLUTE)

    Execution Region ER_IROM1 (Exec base: 0x08000000, Load base: 0x08000000, Size: 0x0000a970, Max: 0x00080000, ABSOLUTE)

    Exec Addr    Load Addr    Size         Type   Attr      Idx    E Section Name        Object

    0x08000000   0x08000000   0x00000130   Data   RO            3    RESET               startup_stm32f103xe.o
    0x08000130   0x08000130   0x00000008   Code   RO         4003  * !!!main             c_w.l(__main.o)
    0x08000138   0x08000138   0x00000034   Code   RO         4290    !!!scatter          c_w.l(__scatter.o)
    0x0800016c   0x0800016c   0x0000001a   Code   RO         4292    !!handler_copy      c_w.l(__scatter_copy.o)
    0x08000186   0x08000186   0x00000002   PAD
    0x08000188   0x08000188   0x0000001c   Code   RO         4294    !!handler_zi        c_w.l(__scatter_zi.o)
    0x080001a4   0x080001a4   0x00000000   Code   RO         3996    .ARM.Collect$$_printf_percent$$00000000  c_w.l(_printf_percent.o)
    0x080001a4   0x080001a4   0x00000006   Code   RO         4048    .ARM.Collect$$_printf_percent$$00000001  c_w.l(_printf_n.o)
    0x080001aa   0x080001aa   0x00000006   Code   RO         4049    .ARM.Collect$$_printf_percent$$00000002  c_w.l(_printf_p.o)
    0x080001b0   0x080001b0   0x00000006   Code   RO         4053    .ARM.Collect$$_printf_percent$$00000003  c_w.l(_printf_f.o)
    0x080001b6   0x080001b6   0x00000006   Code   RO         4054    .ARM.Collect$$_printf_percent$$00000004  c_w.l(_printf_e.o)
    0x080001bc   0x080001bc   0x00000006   Code   RO         4055    .ARM.Collect$$_printf_percent$$00000005  c_w.l(_printf_g.o)
    0x080001c2   0x080001c2   0x00000006   Code   RO         4056    .ARM.Collect$$_printf_percent$$00000006  c_w.l(_printf_a.o)
    0x080001c8   0x080001c8   0x0000000a   Code   RO         4061    .ARM.Collect$$_printf_percent$$00000007  c_w.l(_printf_ll.o)
    0x080001d2   0x080001d2   0x00000006   Code   RO         4051    .ARM.Collect$$_printf_percent$$00000008  c_w.l(_printf_i.o)
    0x080001d8   0x080001d8   0x00000006   Code   RO         3995    .ARM.Collect$$_printf_percent$$00000009  c_w.l(_printf_d.o)
    0x080001de   0x080001de   0x00000006   Code   RO         4052    .ARM.Collect$$_printf_percent$$0000000A  c_w.l(_printf_u.o)
    0x080001e4   0x080001e4   0x00000006   Code   RO         4050    .ARM.Collect$$_printf_percent$$0000000B  c_w.l(_printf_o.o)
    0x080001ea   0x080001ea   0x00000006   Code   RO         3994    .ARM.Collect$$_printf_percent$$0000000C  c_w.l(_printf_x.o)
    0x080001f0   0x080001f0   0x00000006   Code   RO         4058    .ARM.Collect$$_printf_percent$$0000000D  c_w.l(_printf_lli.o)
    0x080001f6   0x080001f6   0x00000006   Code   RO         4059    .ARM.Collect$$_printf_percent$$0000000E  c_w.l(_printf_lld.o)
    0x080001fc   0x080001fc   0x00000006   Code   RO         4060    .ARM.Collect$$_printf_percent$$0000000F  c_w.l(_printf_llu.o)
    0x08000202   0x08000202   0x00000006   Code   RO         4065    .ARM.Collect$$_printf_percent$$00000010  c_w.l(_printf_llo.o)
    0x08000208   0x08000208   0x00000006   Code   RO         4066    .ARM.Collect$$_printf_percent$$00000011  c_w.l(_printf_llx.o)
    0x0800020e   0x0800020e   0x0000000a   Code   RO         4062    .ARM.Collect$$_printf_percent$$00000012  c_w.l(_printf_l.o)
    0x08000218   0x08000218   0x00000006   Code   RO         4047    .ARM.Collect$$_printf_percent$$00000013  c_w.l(_printf_c.o)
    0x0800021e   0x0800021e   0x00000006   Code   RO         3993    .ARM.Collect$$_printf_percent$$00000014  c_w.l(_printf_s.o)
    0x08000224   0x08000224   0x00000006   Code   RO         4063    .ARM.Collect$$_printf_percent$$00000015  c_w.l(_printf_lc.o)
    0x0800022a   0x0800022a   0x00000006   Code   RO         4064    .ARM.Collect$$_printf_percent$$00000016  c_w.l(_printf_ls.o)
    0x08000230   0x08000230   0x00000004   Code   RO         4057    .ARM.Collect$$_printf_percent$$00000017  c_w.l(_printf_percent_end.o)
    0x08000234   0x08000234   0x00000002   Code   RO         4158    .ARM.Collect$$libinit$$00000000  c_w.l(libinit.o)
    0x08000236   0x08000236   0x00000000   Code   RO         4174    .ARM.Collect$$libinit$$00000002  c_w.l(libinit2.o)
    0x08000236   0x08000236   0x00000000   Code   RO         4176    .ARM.Collect$$libinit$$00000004  c_w.l(libinit2.o)
    0x08000236   0x08000236   0x00000000   Code   RO         4179    .ARM.Collect$$libinit$$0000000A  c_w.l(libinit2.o)
    0x08000236   0x08000236   0x00000000   Code   RO         4181    .ARM.Collect$$libinit$$0000000C  c_w.l(libinit2.o)
    0x08000236   0x08000236   0x00000000   Code   RO         4183    .ARM.Collect$$libinit$$0000000E  c_w.l(libinit2.o)
    0x08000236   0x08000236   0x00000006   Code   RO         4184    .ARM.Collect$$libinit$$0000000F  c_w.l(libinit2.o)
    0x0800023c   0x0800023c   0x00000000   Code   RO         4186    .ARM.Collect$$libinit$$00000011  c_w.l(libinit2.o)
    0x0800023c   0x0800023c   0x0000000c   Code   RO         4187    .ARM.Collect$$libinit$$00000012  c_w.l(libinit2.o)
    0x08000248   0x08000248   0x00000000   Code   RO         4188    .ARM.Collect$$libinit$$00000013  c_w.l(libinit2.o)
    0x08000248   0x08000248   0x00000000   Code   RO         4190    .ARM.Collect$$libinit$$00000015  c_w.l(libinit2.o)
    0x08000248   0x08000248   0x0000000a   Code   RO         4191    .ARM.Collect$$libinit$$00000016  c_w.l(libinit2.o)
    0x08000252   0x08000252   0x00000000   Code   RO         4192    .ARM.Collect$$libinit$$00000017  c_w.l(libinit2.o)
    0x08000252   0x08000252   0x00000000   Code   RO         4194    .ARM.Collect$$libinit$$00000019  c_w.l(libinit2.o)
    0x08000252   0x08000252   0x00000000   Code   RO         4196    .ARM.Collect$$libinit$$0000001B  c_w.l(libinit2.o)
    0x08000252   0x08000252   0x00000000   Code   RO         4198    .ARM.Collect$$libinit$$0000001D  c_w.l(libinit2.o)
    0x08000252   0x08000252   0x00000000   Code   RO         4200    .ARM.Collect$$libinit$$0000001F  c_w.l(libinit2.o)
    0x08000252   0x08000252   0x00000000   Code   RO         4202    .ARM.Collect$$libinit$$00000021  c_w.l(libinit2.o)
    0x08000252   0x08000252   0x00000000   Code   RO         4204    .ARM.Collect$$libinit$$00000023  c_w.l(libinit2.o)
    0x08000252   0x08000252   0x00000000   Code   RO         4206    .ARM.Collect$$libinit$$00000025  c_w.l(libinit2.o)
    0x08000252   0x08000252   0x00000000   Code   RO         4210    .ARM.Collect$$libinit$$0000002C  c_w.l(libinit2.o)
    0x08000252   0x08000252   0x00000000   Code   RO         4212    .ARM.Collect$$libinit$$0000002E  c_w.l(libinit2.o)
    0x08000252   0x08000252   0x00000000   Code   RO         4214    .ARM.Collect$$libinit$$00000030  c_w.l(libinit2.o)
    0x08000252   0x08000252   0x00000000   Code   RO         4216    .ARM.Collect$$libinit$$00000032  c_w.l(libinit2.o)
    0x08000252   0x08000252   0x00000002   Code   RO         4217    .ARM.Collect$$libinit$$00000033  c_w.l(libinit2.o)
    0x08000254   0x08000254   0x00000002   Code   RO         4235    .ARM.Collect$$libshutdown$$00000000  c_w.l(libshutdown.o)
    0x08000256   0x08000256   0x00000000   Code   RO         4243    .ARM.Collect$$libshutdown$$00000002  c_w.l(libshutdown2.o)
    0x08000256   0x08000256   0x00000000   Code   RO         4245    .ARM.Collect$$libshutdown$$00000004  c_w.l(libshutdown2.o)
    0x08000256   0x08000256   0x00000000   Code   RO         4247    .ARM.Collect$$libshutdown$$00000006  c_w.l(libshutdown2.o)
    0x08000256   0x08000256   0x00000000   Code   RO         4250    .ARM.Collect$$libshutdown$$00000009  c_w.l(libshutdown2.o)
    0x08000256   0x08000256   0x00000000   Code   RO         4253    .ARM.Collect$$libshutdown$$0000000C  c_w.l(libshutdown2.o)
    0x08000256   0x08000256   0x00000000   Code   RO         4255    .ARM.Collect$$libshutdown$$0000000E  c_w.l(libshutdown2.o)
    0x08000256   0x08000256   0x00000000   Code   RO         4258    .ARM.Collect$$libshutdown$$00000011  c_w.l(libshutdown2.o)
    0x08000256   0x08000256   0x00000002   Code   RO         4259    .ARM.Collect$$libshutdown$$00000012  c_w.l(libshutdown2.o)
    0x08000258   0x08000258   0x00000000   Code   RO         4019    .ARM.Collect$$rtentry$$00000000  c_w.l(__rtentry.o)
    0x08000258   0x08000258   0x00000000   Code   RO         4081    .ARM.Collect$$rtentry$$00000002  c_w.l(__rtentry2.o)
    0x08000258   0x08000258   0x00000006   Code   RO         4093    .ARM.Collect$$rtentry$$00000004  c_w.l(__rtentry4.o)
    0x0800025e   0x0800025e   0x00000000   Code   RO         4083    .ARM.Collect$$rtentry$$00000009  c_w.l(__rtentry2.o)
    0x0800025e   0x0800025e   0x00000004   Code   RO         4084    .ARM.Collect$$rtentry$$0000000A  c_w.l(__rtentry2.o)
    0x08000262   0x08000262   0x00000000   Code   RO         4086    .ARM.Collect$$rtentry$$0000000C  c_w.l(__rtentry2.o)
    0x08000262   0x08000262   0x00000008   Code   RO         4087    .ARM.Collect$$rtentry$$0000000D  c_w.l(__rtentry2.o)
    0x0800026a   0x0800026a   0x00000002   Code   RO         4166    .ARM.Collect$$rtexit$$00000000  c_w.l(rtexit.o)
    0x0800026c   0x0800026c   0x00000000   Code   RO         4219    .ARM.Collect$$rtexit$$00000002  c_w.l(rtexit2.o)
    0x0800026c   0x0800026c   0x00000004   Code   RO         4220    .ARM.Collect$$rtexit$$00000003  c_w.l(rtexit2.o)
    0x08000270   0x08000270   0x00000006   Code   RO         4221    .ARM.Collect$$rtexit$$00000004  c_w.l(rtexit2.o)
    0x08000276   0x08000276   0x00000002   PAD
    0x08000278   0x08000278   0x00000040   Code   RO            4    .text               startup_stm32f103xe.o
    0x080002b8   0x080002b8   0x00000002   Code   RO         3934    .text               c_w.l(use_no_semi_2.o)
    0x080002ba   0x080002ba   0x00000002   PAD
    0x080002bc   0x080002bc   0x00000024   Code   RO         3936    .text               c_w.l(vsprintf.o)
    0x080002e0   0x080002e0   0x00000018   Code   RO         3938    .text               c_w.l(__2printf.o)
    0x080002f8   0x080002f8   0x0000002c   Code   RO         3940    .text               c_w.l(__2sprintf.o)
    0x08000324   0x08000324   0x00000052   Code   RO         3948    .text               c_w.l(_printf_str.o)
    0x08000376   0x08000376   0x00000002   PAD
    0x08000378   0x08000378   0x00000078   Code   RO         3950    .text               c_w.l(_printf_dec.o)
    0x080003f0   0x080003f0   0x00000094   Code   RO         3970    .text               c_w.l(_printf_hex_int_ll_ptr.o)
    0x08000484   0x08000484   0x00000188   Code   RO         3990    .text               c_w.l(__printf_flags_ss_wp.o)
    0x0800060c   0x0800060c   0x00000024   Code   RO         3997    .text               c_w.l(strstr.o)
    0x08000630   0x08000630   0x0000003e   Code   RO         3999    .text               c_w.l(strlen.o)
    0x0800066e   0x0800066e   0x00000006   Code   RO         4001    .text               c_w.l(heapauxi.o)
    0x08000674   0x08000674   0x00000002   Code   RO         4017    .text               c_w.l(use_no_semi.o)
    0x08000676   0x08000676   0x0000004e   Code   RO         4020    .text               c_w.l(_printf_pad.o)
    0x080006c4   0x080006c4   0x00000024   Code   RO         4022    .text               c_w.l(_printf_truncate.o)
    0x080006e8   0x080006e8   0x000000b2   Code   RO         4024    .text               c_w.l(_printf_intcommon.o)
    0x0800079a   0x0800079a   0x00000028   Code   RO         4026    .text               c_w.l(_printf_charcount.o)
    0x080007c2   0x080007c2   0x00000002   PAD
    0x080007c4   0x080007c4   0x00000030   Code   RO         4028    .text               c_w.l(_printf_char_common.o)
    0x080007f4   0x080007f4   0x0000000a   Code   RO         4030    .text               c_w.l(_sputc.o)
    0x080007fe   0x080007fe   0x0000002c   Code   RO         4032    .text               c_w.l(_printf_char.o)
    0x0800082a   0x0800082a   0x00000002   PAD
    0x0800082c   0x0800082c   0x00000024   Code   RO         4034    .text               c_w.l(_printf_char_file.o)
    0x08000850   0x08000850   0x000000bc   Code   RO         4036    .text               c_w.l(_printf_wctomb.o)
    0x0800090c   0x0800090c   0x0000007c   Code   RO         4039    .text               c_w.l(_printf_longlong_dec.o)
    0x08000988   0x08000988   0x00000070   Code   RO         4045    .text               c_w.l(_printf_oct_int_ll.o)
    0x080009f8   0x080009f8   0x0000008a   Code   RO         4095    .text               c_w.l(lludiv10.o)
    0x08000a82   0x08000a82   0x0000041e   Code   RO         4097    .text               c_w.l(_printf_fp_dec.o)
    0x08000ea0   0x08000ea0   0x000002fc   Code   RO         4099    .text               c_w.l(_printf_fp_hex.o)
    0x0800119c   0x0800119c   0x0000002c   Code   RO         4104    .text               c_w.l(_printf_wchar.o)
    0x080011c8   0x080011c8   0x00000008   Code   RO         4106    .text               c_w.l(ferror.o)
    0x080011d0   0x080011d0   0x00000040   Code   RO         4110    .text               c_w.l(_wcrtomb.o)
    0x08001210   0x08001210   0x0000004a   Code   RO         4112    .text               c_w.l(sys_stackheap_outer.o)
    0x0800125a   0x0800125a   0x00000002   PAD
    0x0800125c   0x0800125c   0x00000010   Code   RO         4114    .text               c_w.l(rt_ctype_table.o)
    0x0800126c   0x0800126c   0x00000008   Code   RO         4119    .text               c_w.l(rt_locale_intlibspace.o)
    0x08001274   0x08001274   0x00000080   Code   RO         4121    .text               c_w.l(_printf_fp_infnan.o)
    0x080012f4   0x080012f4   0x000000e4   Code   RO         4123    .text               c_w.l(bigflt0.o)
    0x080013d8   0x080013d8   0x00000012   Code   RO         4151    .text               c_w.l(exit.o)
    0x080013ea   0x080013ea   0x00000002   PAD
    0x080013ec   0x080013ec   0x00000008   Code   RO         4163    .text               c_w.l(libspace.o)
    0x080013f4   0x080013f4   0x00000080   Code   RO         4171    .text               c_w.l(strcmpv7m.o)
    0x08001474   0x08001474   0x0000003e   Code   RO         4126    CL$$btod_d2e        c_w.l(btod.o)
    0x080014b2   0x080014b2   0x00000046   Code   RO         4128    CL$$btod_d2e_denorm_low  c_w.l(btod.o)
    0x080014f8   0x080014f8   0x00000060   Code   RO         4127    CL$$btod_d2e_norm_op1  c_w.l(btod.o)
    0x08001558   0x08001558   0x00000338   Code   RO         4136    CL$$btod_div_common  c_w.l(btod.o)
    0x08001890   0x08001890   0x000000dc   Code   RO         4133    CL$$btod_e2e        c_w.l(btod.o)
    0x0800196c   0x0800196c   0x0000002a   Code   RO         4130    CL$$btod_ediv       c_w.l(btod.o)
    0x08001996   0x08001996   0x0000002a   Code   RO         4129    CL$$btod_emul       c_w.l(btod.o)
    0x080019c0   0x080019c0   0x00000244   Code   RO         4135    CL$$btod_mult_common  c_w.l(btod.o)
    0x08001c04   0x08001c04   0x00000004   Code   RO          285    i.BusFault_Handler  stm32f1xx_it.o
    0x08001c08   0x08001c08   0x00000002   Code   RO          286    i.DebugMon_Handler  stm32f1xx_it.o
    0x08001c0a   0x08001c0a   0x00000002   PAD
    0x08001c0c   0x08001c0c   0x000002a8   Code   RO          476    i.ESP8266_init      esp8266.o
    0x08001eb4   0x08001eb4   0x00000044   Code   RO         2298    i.FSMC_NORSRAM_Extended_Timing_Init  stm32f1xx_ll_fsmc.o
    0x08001ef8   0x08001ef8   0x00000078   Code   RO         2299    i.FSMC_NORSRAM_Init  stm32f1xx_ll_fsmc.o
    0x08001f70   0x08001f70   0x00000042   Code   RO         2300    i.FSMC_NORSRAM_Timing_Init  stm32f1xx_ll_fsmc.o
    0x08001fb2   0x08001fb2   0x00000002   PAD
    0x08001fb4   0x08001fb4   0x000001a8   Code   RO         1095    i.HAL_DMA_Abort_IT  stm32f1xx_hal_dma.o
    0x0800215c   0x0800215c   0x00000340   Code   RO         1191    i.HAL_GPIO_Init     stm32f1xx_hal_gpio.o
    0x0800249c   0x0800249c   0x00000010   Code   RO         1193    i.HAL_GPIO_ReadPin  stm32f1xx_hal_gpio.o
    0x080024ac   0x080024ac   0x00000014   Code   RO         1194    i.HAL_GPIO_TogglePin  stm32f1xx_hal_gpio.o
    0x080024c0   0x080024c0   0x0000000c   Code   RO         1195    i.HAL_GPIO_WritePin  stm32f1xx_hal_gpio.o
    0x080024cc   0x080024cc   0x0000000c   Code   RO          808    i.HAL_GetTick       stm32f1xx_hal.o
    0x080024d8   0x080024d8   0x00000028   Code   RO          815    i.HAL_Init          stm32f1xx_hal.o
    0x08002500   0x08002500   0x0000004c   Code   RO          816    i.HAL_InitTick      stm32f1xx_hal.o
    0x0800254c   0x0800254c   0x00000002   Code   RO          818    i.HAL_MspInit       stm32f1xx_hal.o
    0x0800254e   0x0800254e   0x00000020   Code   RO          973    i.HAL_NVIC_EnableIRQ  stm32f1xx_hal_cortex.o
    0x0800256e   0x0800256e   0x0000007c   Code   RO          979    i.HAL_NVIC_SetPriority  stm32f1xx_hal_cortex.o
    0x080025ea   0x080025ea   0x00000002   PAD
    0x080025ec   0x080025ec   0x00000028   Code   RO          980    i.HAL_NVIC_SetPriorityGrouping  stm32f1xx_hal_cortex.o
    0x08002614   0x08002614   0x0000018c   Code   RO         1416    i.HAL_RCC_ClockConfig  stm32f1xx_hal_rcc.o
    0x080027a0   0x080027a0   0x0000000c   Code   RO         1421    i.HAL_RCC_GetHCLKFreq  stm32f1xx_hal_rcc.o
    0x080027ac   0x080027ac   0x00000020   Code   RO         1423    i.HAL_RCC_GetPCLK1Freq  stm32f1xx_hal_rcc.o
    0x080027cc   0x080027cc   0x00000020   Code   RO         1424    i.HAL_RCC_GetPCLK2Freq  stm32f1xx_hal_rcc.o
    0x080027ec   0x080027ec   0x00000094   Code   RO         1425    i.HAL_RCC_GetSysClockFreq  stm32f1xx_hal_rcc.o
    0x08002880   0x08002880   0x00000464   Code   RO         1428    i.HAL_RCC_OscConfig  stm32f1xx_hal_rcc.o
    0x08002ce4   0x08002ce4   0x00000066   Code   RO         2159    i.HAL_SRAM_Init     stm32f1xx_hal_sram.o
    0x08002d4a   0x08002d4a   0x00000002   PAD
    0x08002d4c   0x08002d4c   0x00000090   Code   RO         3455    i.HAL_SRAM_MspInit  lcd.o
    0x08002ddc   0x08002ddc   0x00000028   Code   RO          982    i.HAL_SYSTICK_CLKSourceConfig  stm32f1xx_hal_cortex.o
    0x08002e04   0x08002e04   0x00000034   Code   RO          984    i.HAL_SYSTICK_Config  stm32f1xx_hal_cortex.o
    0x08002e38   0x08002e38   0x00000002   Code   RO         1579    i.HAL_UART_ErrorCallback  stm32f1xx_hal_uart.o
    0x08002e3a   0x08002e3a   0x00000002   PAD
    0x08002e3c   0x08002e3c   0x00000154   Code   RO         1582    i.HAL_UART_IRQHandler  stm32f1xx_hal_uart.o
    0x08002f90   0x08002f90   0x00000072   Code   RO         1583    i.HAL_UART_Init     stm32f1xx_hal_uart.o
    0x08003002   0x08003002   0x00000002   PAD
    0x08003004   0x08003004   0x0000017c   Code   RO          720    i.HAL_UART_MspInit  usart.o
    0x08003180   0x08003180   0x000000d8   Code   RO         1586    i.HAL_UART_Receive  stm32f1xx_hal_uart.o
    0x08003258   0x08003258   0x00000070   Code   RO         1588    i.HAL_UART_Receive_IT  stm32f1xx_hal_uart.o
    0x080032c8   0x080032c8   0x00000088   Code   RO          721    i.HAL_UART_RxCpltCallback  usart.o
    0x08003350   0x08003350   0x000000d2   Code   RO         1591    i.HAL_UART_Transmit  stm32f1xx_hal_uart.o
    0x08003422   0x08003422   0x00000002   Code   RO         1594    i.HAL_UART_TxCpltCallback  stm32f1xx_hal_uart.o
    0x08003424   0x08003424   0x00000004   Code   RO          287    i.HardFault_Handler  stm32f1xx_it.o
    0x08003428   0x08003428   0x00000004   Code   RO          288    i.MemManage_Handler  stm32f1xx_it.o
    0x0800342c   0x0800342c   0x00000002   Code   RO          289    i.NMI_Handler       stm32f1xx_it.o
    0x0800342e   0x0800342e   0x00000002   PAD
    0x08003430   0x08003430   0x00000028   Code   RO         1429    i.RCC_Delay         stm32f1xx_hal_rcc.o
    0x08003458   0x08003458   0x00000002   Code   RO          290    i.SVC_Handler       stm32f1xx_it.o
    0x0800345a   0x0800345a   0x00000002   Code   RO          249    i.SystemInit        system_stm32f1xx.o
    0x0800345c   0x0800345c   0x00000014   Code   RO         1596    i.UART_DMAAbortOnError  stm32f1xx_hal_uart.o
    0x08003470   0x08003470   0x00000020   Code   RO         1606    i.UART_EndRxTransfer  stm32f1xx_hal_uart.o
    0x08003490   0x08003490   0x00000020   Code   RO         1607    i.UART_EndTransmit_IT  stm32f1xx_hal_uart.o
    0x080034b0   0x080034b0   0x000000a0   Code   RO         1609    i.UART_Receive_IT   stm32f1xx_hal_uart.o
    0x08003550   0x08003550   0x000000fc   Code   RO         1610    i.UART_SetConfig    stm32f1xx_hal_uart.o
    0x0800364c   0x0800364c   0x00000060   Code   RO         1611    i.UART_Transmit_IT  stm32f1xx_hal_uart.o
    0x080036ac   0x080036ac   0x0000006c   Code   RO         1612    i.UART_WaitOnFlagUntilTimeout  stm32f1xx_hal_uart.o
    0x08003718   0x08003718   0x00000024   Code   RO          722    i.USART1_IRQHandler  usart.o
    0x0800373c   0x0800373c   0x00000104   Code   RO         3817    i.USART3_IRQHandler  atk_mw8266d_uart.o
    0x08003840   0x08003840   0x00000004   Code   RO          291    i.UsageFault_Handler  stm32f1xx_it.o
    0x08003844   0x08003844   0x00000028   Code   RO         4161    i.__ARM_fpclassify  m_ws.l(fpclassify.o)
    0x0800386c   0x0800386c   0x00000010   Code   RO          986    i.__NVIC_GetPriorityGrouping  stm32f1xx_hal_cortex.o
    0x0800387c   0x0800387c   0x00000028   Code   RO          987    i.__NVIC_SetPriority  stm32f1xx_hal_cortex.o
    0x080038a4   0x080038a4   0x0000000e   Code   RO         3983    i._is_digit         c_w.l(__printf_wp.o)
    0x080038b2   0x080038b2   0x00000004   Code   RO          724    i._sys_exit         usart.o
    0x080038b6   0x080038b6   0x00000002   PAD
    0x080038b8   0x080038b8   0x00000030   Code   RO         3704    i.atk_mw8266d_at_test  atk_mw8266d.o
    0x080038e8   0x080038e8   0x00000050   Code   RO         3705    i.atk_mw8266d_ate_config  atk_mw8266d.o
    0x08003938   0x08003938   0x00000054   Code   RO         3707    i.atk_mw8266d_connect_tcp_server  atk_mw8266d.o
    0x0800398c   0x0800398c   0x00000050   Code   RO         3709    i.atk_mw8266d_enter_unvarnished  atk_mw8266d.o
    0x080039dc   0x080039dc   0x00000010   Code   RO         3710    i.atk_mw8266d_exit_unvarnished  atk_mw8266d.o
    0x080039ec   0x080039ec   0x00000060   Code   RO         3711    i.atk_mw8266d_get_ip  atk_mw8266d.o
    0x08003a4c   0x08003a4c   0x00000048   Code   RO         3712    i.atk_mw8266d_hw_init  atk_mw8266d.o
    0x08003a94   0x08003a94   0x00000034   Code   RO         3713    i.atk_mw8266d_hw_reset  atk_mw8266d.o
    0x08003ac8   0x08003ac8   0x00000020   Code   RO         3714    i.atk_mw8266d_init  atk_mw8266d.o
    0x08003ae8   0x08003ae8   0x00000050   Code   RO         3715    i.atk_mw8266d_join_ap  atk_mw8266d.o
    0x08003b38   0x08003b38   0x00000030   Code   RO         3716    i.atk_mw8266d_restore  atk_mw8266d.o
    0x08003b68   0x08003b68   0x00000058   Code   RO         3717    i.atk_mw8266d_send_at_cmd  atk_mw8266d.o
    0x08003bc0   0x08003bc0   0x0000007c   Code   RO         3718    i.atk_mw8266d_set_mode  atk_mw8266d.o
    0x08003c3c   0x08003c3c   0x00000028   Code   RO         3719    i.atk_mw8266d_sw_reset  atk_mw8266d.o
    0x08003c64   0x08003c64   0x00000030   Code   RO         3818    i.atk_mw8266d_uart_init  atk_mw8266d_uart.o
    0x08003c94   0x08003c94   0x0000003c   Code   RO         3819    i.atk_mw8266d_uart_printf  atk_mw8266d_uart.o
    0x08003cd0   0x08003cd0   0x0000002c   Code   RO         3820    i.atk_mw8266d_uart_rx_get_frame  atk_mw8266d_uart.o
    0x08003cfc   0x08003cfc   0x00000024   Code   RO         3822    i.atk_mw8266d_uart_rx_restart  atk_mw8266d_uart.o
    0x08003d20   0x08003d20   0x0000007c   Code   RO          477    i.change_unvarnished  esp8266.o
    0x08003d9c   0x08003d9c   0x00000028   Code   RO          604    i.delay_init        delay.o
    0x08003dc4   0x08003dc4   0x00000038   Code   RO          605    i.delay_ms          delay.o
    0x08003dfc   0x08003dfc   0x0000004c   Code   RO          606    i.delay_us          delay.o
    0x08003e48   0x08003e48   0x00000058   Code   RO         3880    i.dht11_check       dht11.o
    0x08003ea0   0x08003ea0   0x00000050   Code   RO         3881    i.dht11_init        dht11.o
    0x08003ef0   0x08003ef0   0x0000005c   Code   RO         3882    i.dht11_read_bit    dht11.o
    0x08003f4c   0x08003f4c   0x0000001e   Code   RO         3883    i.dht11_read_byte   dht11.o
    0x08003f6a   0x08003f6a   0x00000058   Code   RO         3884    i.dht11_read_data   dht11.o
    0x08003fc2   0x08003fc2   0x00000002   PAD
    0x08003fc4   0x08003fc4   0x00000034   Code   RO         3885    i.dht11_reset       dht11.o
    0x08003ff8   0x08003ff8   0x0000001c   Code   RO          726    i.fputc             usart.o
    0x08004014   0x08004014   0x00000070   Code   RO          478    i.http_post         esp8266.o
    0x08004084   0x08004084   0x00000014   Code   RO          527    i.humi_read         temp.o
    0x08004098   0x08004098   0x000000b8   Code   RO         3424    i.key_init          key.o
    0x08004150   0x08004150   0x00000034   Code   RO         3456    i.lcd_clear         lcd.o
    0x08004184   0x08004184   0x00000130   Code   RO         3458    i.lcd_display_dir   lcd.o
    0x080042b4   0x080042b4   0x00000020   Code   RO         3464    i.lcd_draw_point    lcd.o
    0x080042d4   0x080042d4   0x0000022c   Code   RO         3466    i.lcd_ex_ili9341_reginit  lcd.o
    0x08004500   0x08004500   0x00000ef2   Code   RO         3467    i.lcd_ex_nt35310_reginit  lcd.o
    0x080053f2   0x080053f2   0x00000efc   Code   RO         3468    i.lcd_ex_nt35510_reginit  lcd.o
    0x080062ee   0x080062ee   0x0000016e   Code   RO         3469    i.lcd_ex_ssd1963_reginit  lcd.o
    0x0800645c   0x0800645c   0x000001a8   Code   RO         3470    i.lcd_ex_st7789_reginit  lcd.o
    0x08006604   0x08006604   0x000003ac   Code   RO         3473    i.lcd_init          lcd.o
    0x080069b0   0x080069b0   0x0000000c   Code   RO         3474    i.lcd_opt_delay     lcd.o
    0x080069bc   0x080069bc   0x00000016   Code   RO         3475    i.lcd_pow           lcd.o
    0x080069d2   0x080069d2   0x00000002   PAD
    0x080069d4   0x080069d4   0x00000018   Code   RO         3476    i.lcd_rd_data       lcd.o
    0x080069ec   0x080069ec   0x00000230   Code   RO         3478    i.lcd_scan_dir      lcd.o
    0x08006c1c   0x08006c1c   0x00000120   Code   RO         3479    i.lcd_set_cursor    lcd.o
    0x08006d3c   0x08006d3c   0x00000140   Code   RO         3481    i.lcd_show_char     lcd.o
    0x08006e7c   0x08006e7c   0x00000098   Code   RO         3482    i.lcd_show_num      lcd.o
    0x08006f14   0x08006f14   0x0000006a   Code   RO         3483    i.lcd_show_string   lcd.o
    0x08006f7e   0x08006f7e   0x00000002   PAD
    0x08006f80   0x08006f80   0x00000054   Code   RO         3485    i.lcd_ssd_backlight_set  lcd.o
    0x08006fd4   0x08006fd4   0x00000018   Code   RO         3486    i.lcd_wr_data       lcd.o
    0x08006fec   0x08006fec   0x00000018   Code   RO         3487    i.lcd_wr_regno      lcd.o
    0x08007004   0x08007004   0x00000014   Code   RO         3488    i.lcd_write_ram_prepare  lcd.o
    0x08007018   0x08007018   0x00000010   Code   RO         3489    i.lcd_write_reg     lcd.o
    0x08007028   0x08007028   0x00000090   Code   RO         3400    i.led_init          led.o
    0x080070b8   0x080070b8   0x0000010c   Code   RO           13    i.main              main.o
    0x080071c4   0x080071c4   0x00000064   Code   RO          566    i.request_body      http.o
    0x08007228   0x08007228   0x00000030   Code   RO          479    i.show_ip           esp8266.o
    0x08007258   0x08007258   0x000000a8   Code   RO           14    i.show_mesg         main.o
    0x08007300   0x08007300   0x00000056   Code   RO          653    i.sys_stm32_clock_init  sys.o
    0x08007356   0x08007356   0x00000002   PAD
    0x08007358   0x08007358   0x00000040   Code   RO          567    i.temp_humi_json    http.o
    0x08007398   0x08007398   0x00000060   Code   RO          528    i.temp_init         temp.o
    0x080073f8   0x080073f8   0x00000014   Code   RO          529    i.temp_read         temp.o
    0x0800740c   0x0800740c   0x00000038   Code   RO          727    i.usart_init        usart.o
    0x08007444   0x08007444   0x0000002c   Code   RO         4149    locale$$code        c_w.l(lc_numeric_c.o)
    0x08007470   0x08007470   0x0000002c   Code   RO         4169    locale$$code        c_w.l(lc_ctype_c.o)
    0x0800749c   0x0800749c   0x0000005a   Code   RO         4005    x$fpl$dfixu         fz_ws.l(dfixu.o)
    0x080074f6   0x080074f6   0x00000026   Code   RO         4009    x$fpl$dfltu         fz_ws.l(dflt_clz.o)
    0x0800751c   0x0800751c   0x00000154   Code   RO         4015    x$fpl$dmul          fz_ws.l(dmul.o)
    0x08007670   0x08007670   0x0000009c   Code   RO         4067    x$fpl$dnaninf       fz_ws.l(dnaninf.o)
    0x0800770c   0x0800770c   0x0000000c   Code   RO         4069    x$fpl$dretinf       fz_ws.l(dretinf.o)
    0x08007718   0x08007718   0x00000004   Code   RO         4071    x$fpl$printf1       fz_ws.l(printf1.o)
    0x0800771c   0x0800771c   0x00000004   Code   RO         4073    x$fpl$printf2       fz_ws.l(printf2.o)
    0x08007720   0x08007720   0x00000000   Code   RO         4079    x$fpl$usenofp       fz_ws.l(usenofp.o)
    0x08007720   0x08007720   0x00000018   Data   RO          250    .constdata          system_stm32f1xx.o
    0x08007738   0x08007738   0x00002f80   Data   RO         3491    .constdata          lcd.o
    0x0800a6b8   0x0800a6b8   0x00000028   Data   RO         3971    .constdata          c_w.l(_printf_hex_int_ll_ptr.o)
    0x0800a6e0   0x0800a6e0   0x00000011   Data   RO         3991    .constdata          c_w.l(__printf_flags_ss_wp.o)
    0x0800a6f1   0x0800a6f1   0x00000003   PAD
    0x0800a6f4   0x0800a6f4   0x00000008   Data   RO         4037    .constdata          c_w.l(_printf_wctomb.o)
    0x0800a6fc   0x0800a6fc   0x00000026   Data   RO         4100    .constdata          c_w.l(_printf_fp_hex.o)
    0x0800a722   0x0800a722   0x00000002   PAD
    0x0800a724   0x0800a724   0x00000094   Data   RO         4124    .constdata          c_w.l(bigflt0.o)
    0x0800a7b8   0x0800a7b8   0x0000006c   Data   RO          568    .conststring        http.o
    0x0800a824   0x0800a824   0x00000020   Data   RO         4288    Region$$Table       anon$$obj.o
    0x0800a844   0x0800a844   0x0000001c   Data   RO         4148    locale$$data        c_w.l(lc_numeric_c.o)
    0x0800a860   0x0800a860   0x00000110   Data   RO         4168    locale$$data        c_w.l(lc_ctype_c.o)


    Execution Region RW_IRAM1 (Exec base: 0x20000000, Load base: 0x0800a970, Size: 0x000008e8, Max: 0x00010000, ABSOLUTE)

    Exec Addr    Load Addr    Size         Type   Attr      Idx    E Section Name        Object

    0x20000000   0x0800a970   0x00000004   Data   RW          251    .data               system_stm32f1xx.o
    0x20000004   0x0800a974   0x00000002   Data   RW          607    .data               delay.o
    0x20000006   0x0800a976   0x00000002   PAD
    0x20000008   0x0800a978   0x00000007   Data   RW          729    .data               usart.o
    0x2000000f   0x0800a97f   0x00000001   PAD
    0x20000010   0x0800a980   0x00000009   Data   RW          822    .data               stm32f1xx_hal.o
    0x20000019   0x0800a989   0x00000003   PAD
    0x2000001c   0x0800a98c   0x00000008   Data   RW         3492    .data               lcd.o
    0x20000024        -       0x00000108   Zero   RW          728    .bss                usart.o
    0x2000012c        -       0x00000056   Zero   RW         3490    .bss                lcd.o
    0x20000182   0x0800a994   0x00000002   PAD
    0x20000184        -       0x00000102   Zero   RW         3823    .bss                atk_mw8266d_uart.o
    0x20000286   0x0800a994   0x00000002   PAD
    0x20000288        -       0x00000060   Zero   RW         4164    .bss                c_w.l(libspace.o)
    0x200002e8        -       0x00000200   Zero   RW            2    HEAP                startup_stm32f103xe.o
    0x200004e8        -       0x00000400   Zero   RW            1    STACK               startup_stm32f103xe.o


==============================================================================

Image component sizes


      Code (inc. data)   RO Data    RW Data    ZI Data      Debug   Object Name

       940        274          0          0          0       9430   atk_mw8266d.o
       448         38          0          0        258       4276   atk_mw8266d_uart.o
       172         16          0          2          0       1831   delay.o
       430         24          0          0          0       3746   dht11.o
       964        432          0          0          0       2995   esp8266.o
       164         84        108          0          0       1060   http.o
       184         12          0          0          0        971   key.o
     12132        166      12160          8         86      22917   lcd.o
       144         12          0          0          0        879   led.o
       436         96          0          0          0     464419   main.o
        64         26        304          0       1536        920   startup_stm32f103xe.o
       130         24          0          9          0       5813   stm32f1xx_hal.o
       344         22          0          0          0      29925   stm32f1xx_hal_cortex.o
       424         10          0          0          0       1215   stm32f1xx_hal_dma.o
       880         40          0          0          0       3900   stm32f1xx_hal_gpio.o
      1784        110          0          0          0       5936   stm32f1xx_hal_rcc.o
       102          0          0          0          0       1180   stm32f1xx_hal_sram.o
      1696         10          0          0          0      10482   stm32f1xx_hal_uart.o
        22          0          0          0          0       2907   stm32f1xx_it.o
       254         10          0          0          0       3791   stm32f1xx_ll_fsmc.o
        86          0          0          0          0        703   sys.o
         2          0         24          4          0       1295   system_stm32f1xx.o
       136         34          0          0          0       1784   temp.o
       640         64          0          7        264       5481   usart.o

    ----------------------------------------------------------------------
     22602       1504      12628         36       2148     587856   Object Totals
         0          0         32          0          0          0   (incl. Generated)
        24          0          0          6          4          0   (incl. Padding)

    ----------------------------------------------------------------------

      Code (inc. data)   RO Data    RW Data    ZI Data      Debug   Library Member Name

        24          4          0          0          0         84   __2printf.o
        44          6          0          0          0         84   __2sprintf.o
         8          0          0          0          0         68   __main.o
       392          4         17          0          0         92   __printf_flags_ss_wp.o
        14          0          0          0          0         68   __printf_wp.o
         0          0          0          0          0          0   __rtentry.o
        12          0          0          0          0          0   __rtentry2.o
         6          0          0          0          0          0   __rtentry4.o
        52          8          0          0          0          0   __scatter.o
        26          0          0          0          0          0   __scatter_copy.o
        28          0          0          0          0          0   __scatter_zi.o
         6          0          0          0          0          0   _printf_a.o
         6          0          0          0          0          0   _printf_c.o
        44          0          0          0          0        108   _printf_char.o
        48          6          0          0          0         96   _printf_char_common.o
        36          4          0          0          0         80   _printf_char_file.o
        40          0          0          0          0         68   _printf_charcount.o
         6          0          0          0          0          0   _printf_d.o
       120         16          0          0          0         92   _printf_dec.o
         6          0          0          0          0          0   _printf_e.o
         6          0          0          0          0          0   _printf_f.o
      1054          0          0          0          0        216   _printf_fp_dec.o
       764          8         38          0          0        100   _printf_fp_hex.o
       128         16          0          0          0         84   _printf_fp_infnan.o
         6          0          0          0          0          0   _printf_g.o
       148          4         40          0          0        160   _printf_hex_int_ll_ptr.o
         6          0          0          0          0          0   _printf_i.o
       178          0          0          0          0         88   _printf_intcommon.o
        10          0          0          0          0          0   _printf_l.o
         6          0          0          0          0          0   _printf_lc.o
        10          0          0          0          0          0   _printf_ll.o
         6          0          0          0          0          0   _printf_lld.o
         6          0          0          0          0          0   _printf_lli.o
         6          0          0          0          0          0   _printf_llo.o
         6          0          0          0          0          0   _printf_llu.o
         6          0          0          0          0          0   _printf_llx.o
       124         16          0          0          0         92   _printf_longlong_dec.o
         6          0          0          0          0          0   _printf_ls.o
         6          0          0          0          0          0   _printf_n.o
         6          0          0          0          0          0   _printf_o.o
       112         10          0          0          0        124   _printf_oct_int_ll.o
         6          0          0          0          0          0   _printf_p.o
        78          0          0          0          0        108   _printf_pad.o
         0          0          0          0          0          0   _printf_percent.o
         4          0          0          0          0          0   _printf_percent_end.o
         6          0          0          0          0          0   _printf_s.o
        82          0          0          0          0         80   _printf_str.o
        36          0          0          0          0         84   _printf_truncate.o
         6          0          0          0          0          0   _printf_u.o
        44          0          0          0          0        108   _printf_wchar.o
       188          6          8          0          0         92   _printf_wctomb.o
         6          0          0          0          0          0   _printf_x.o
        10          0          0          0          0         68   _sputc.o
        64          0          0          0          0         92   _wcrtomb.o
       228          4        148          0          0         96   bigflt0.o
      1936        128          0          0          0        672   btod.o
        18          0          0          0          0         80   exit.o
         8          0          0          0          0         68   ferror.o
         6          0          0          0          0        152   heapauxi.o
        44         10        272          0          0         76   lc_ctype_c.o
        44         10         28          0          0         76   lc_numeric_c.o
         2          0          0          0          0          0   libinit.o
        30          0          0          0          0          0   libinit2.o
         2          0          0          0          0          0   libshutdown.o
         2          0          0          0          0          0   libshutdown2.o
         8          4          0          0         96         68   libspace.o
       138          0          0          0          0         80   lludiv10.o
        16          4          0          0          0         76   rt_ctype_table.o
         8          4          0          0          0         68   rt_locale_intlibspace.o
         2          0          0          0          0          0   rtexit.o
        10          0          0          0          0          0   rtexit2.o
       128          0          0          0          0         68   strcmpv7m.o
        62          0          0          0          0         76   strlen.o
        36          0          0          0          0         80   strstr.o
        74          0          0          0          0         80   sys_stackheap_outer.o
         2          0          0          0          0         68   use_no_semi.o
         2          0          0          0          0         68   use_no_semi_2.o
        36          4          0          0          0         76   vsprintf.o
        90          4          0          0          0         92   dfixu.o
        38          0          0          0          0         68   dflt_clz.o
       340         12          0          0          0        104   dmul.o
       156          4          0          0          0         92   dnaninf.o
        12          0          0          0          0         68   dretinf.o
         4          0          0          0          0         68   printf1.o
         4          0          0          0          0         68   printf2.o
         0          0          0          0          0          0   usenofp.o
        40          0          0          0          0         68   fpclassify.o

    ----------------------------------------------------------------------
      7590        296        556          0         96       4992   Library Totals
        16          0          5          0          0          0   (incl. Padding)

    ----------------------------------------------------------------------

      Code (inc. data)   RO Data    RW Data    ZI Data      Debug   Library Name

      6890        276        551          0         96       4364   c_w.l
       644         20          0          0          0        560   fz_ws.l
        40          0          0          0          0         68   m_ws.l

    ----------------------------------------------------------------------
      7590        296        556          0         96       4992   Library Totals

    ----------------------------------------------------------------------

==============================================================================


      Code (inc. data)   RO Data    RW Data    ZI Data      Debug   

     30192       1800      13184         36       2244     584108   Grand Totals
     30192       1800      13184         36       2244     584108   ELF Image Totals
     30192       1800      13184         36          0          0   ROM Totals

==============================================================================

    Total RO  Size (Code + RO Data)                43376 (  42.36kB)
    Total RW  Size (RW Data + ZI Data)              2280 (   2.23kB)
    Total ROM Size (Code + RO Data + RW Data)      43412 (  42.39kB)

==============================================================================

